14:07:08 **** Incremental Build of configuration Debug for project trafikljus ****
make -j8 all 
arm-none-eabi-gcc "../Core/Src/main.c" -mcpu=cortex-m4 -std=gnu11 -g3 -DDEBUG -DUSE_HAL_DRIVER -DSTM32F411xE -c -I../Core/Inc -I../Drivers/STM32F4xx_HAL_Driver/Inc -I../Drivers/STM32F4xx_HAL_Driver/Inc/Legacy -I../Drivers/CMSIS/Device/ST/STM32F4xx/Include -I../Drivers/CMSIS/Include -O0 -ffunction-sections -fdata-sections -Wall -fstack-usage -fcyclomatic-complexity -MMD -MP -MF"Core/Src/main.d" -MT"Core/Src/main.o" --specs=nano.specs -mfpu=fpv4-sp-d16 -mfloat-abi=hard -mthumb -o "Core/Src/main.o"
arm-none-eabi-gcc -o "trafikljus.elf" @"objects.list"   -mcpu=cortex-m4 -T"D:\JU\Microdata_Technology\Mikrodatateknik_HT2023\labs\lab2\trafikljus\STM32F411RETX_FLASH.ld" --specs=nosys.specs -Wl,-Map="trafikljus.map" -Wl,--gc-sections -static --specs=nano.specs -mfpu=fpv4-sp-d16 -mfloat-abi=hard -mthumb -Wl,--start-group -lc -lm -Wl,--end-group
Finished building target: trafikljus.elf
 
arm-none-eabi-size   trafikljus.elf 
arm-none-eabi-objdump -h -S  trafikljus.elf  > "trafikljus.list"
   text	   data	    bss	    dec	    hex	filename
   8644	     20	   1636	  10300	   283c	trafikljus.elf
Finished building: default.size.stdout
 
Finished building: trafikljus.list
 
14:07:16 **** Incremental Build of configuration Debug for project trafikljus ****
make -j8 all 
arm-none-eabi-size   trafikljus.elf 
   text	   data	    bss	    dec	    hex	filename
   8644	     20	   1636	  10300	   283c	trafikljus.elf
Finished building: default.size.stdout
 
14:09:28 **** Incremental Build of configuration Debug for project trafikljus ****
make -j8 all 
arm-none-eabi-gcc "../Core/Src/main.c" -mcpu=cortex-m4 -std=gnu11 -g3 -DDEBUG -DUSE_HAL_DRIVER -DSTM32F411xE -c -I../Core/Inc -I../Drivers/STM32F4xx_HAL_Driver/Inc -I../Drivers/STM32F4xx_HAL_Driver/Inc/Legacy -I../Drivers/CMSIS/Device/ST/STM32F4xx/Include -I../Drivers/CMSIS/Include -O0 -ffunction-sections -fdata-sections -Wall -fstack-usage -fcyclomatic-complexity -MMD -MP -MF"Core/Src/main.d" -MT"Core/Src/main.o" --specs=nano.specs -mfpu=fpv4-sp-d16 -mfloat-abi=hard -mthumb -o "Core/Src/main.o"
arm-none-eabi-gcc -o "trafikljus.elf" @"objects.list"   -mcpu=cortex-m4 -T"D:\JU\Microdata_Technology\Mikrodatateknik_HT2023\labs\lab2\trafikljus\STM32F411RETX_FLASH.ld" --specs=nosys.specs -Wl,-Map="trafikljus.map" -Wl,--gc-sections -static --specs=nano.specs -mfpu=fpv4-sp-d16 -mfloat-abi=hard -mthumb -Wl,--start-group -lc -lm -Wl,--end-group
Finished building target: trafikljus.elf
 
arm-none-eabi-size   trafikljus.elf 
arm-none-eabi-objdump -h -S  trafikljus.elf  > "trafikljus.list"
   text	   data	    bss	    dec	    hex	filename
   8648	     20	   1644	  10312	   2848	trafikljus.elf
Finished building: default.size.stdout
 
Finished building: trafikljus.list
 
14:14:48 **** Incremental Build of configuration Debug for project trafikljus ****
make -j8 all 
arm-none-eabi-gcc "../Core/Src/main.c" -mcpu=cortex-m4 -std=gnu11 -g3 -DDEBUG -DUSE_HAL_DRIVER -DSTM32F411xE -c -I../Core/Inc -I../Drivers/STM32F4xx_HAL_Driver/Inc -I../Drivers/STM32F4xx_HAL_Driver/Inc/Legacy -I../Drivers/CMSIS/Device/ST/STM32F4xx/Include -I../Drivers/CMSIS/Include -O0 -ffunction-sections -fdata-sections -Wall -fstack-usage -fcyclomatic-complexity -MMD -MP -MF"Core/Src/main.d" -MT"Core/Src/main.o" --specs=nano.specs -mfpu=fpv4-sp-d16 -mfloat-abi=hard -mthumb -o "Core/Src/main.o"
arm-none-eabi-gcc -o "trafikljus.elf" @"objects.list"   -mcpu=cortex-m4 -T"D:\JU\Microdata_Technology\Mikrodatateknik_HT2023\labs\lab2\trafikljus\STM32F411RETX_FLASH.ld" --specs=nosys.specs -Wl,-Map="trafikljus.map" -Wl,--gc-sections -static --specs=nano.specs -mfpu=fpv4-sp-d16 -mfloat-abi=hard -mthumb -Wl,--start-group -lc -lm -Wl,--end-group
Finished building target: trafikljus.elf
 
arm-none-eabi-size   trafikljus.elf 
arm-none-eabi-objdump -h -S  trafikljus.elf  > "trafikljus.list"
   text	   data	    bss	    dec	    hex	filename
   8728	     20	   1644	  10392	   2898	trafikljus.elf
Finished building: default.size.stdout
 
Finished building: trafikljus.list
 
14:40:51 **** Incremental Build of configuration Debug for project trafikljus ****
make -j8 all 
arm-none-eabi-size   trafikljus.elf 
   text	   data	    bss	    dec	    hex	filename
   8728	     20	   1644	  10392	   2898	trafikljus.elf
Finished building: default.size.stdout
 
14:41:42 **** Incremental Build of configuration Debug for project trafikljus ****
make -j8 all 
arm-none-eabi-gcc "../Core/Src/main.c" -mcpu=cortex-m4 -std=gnu11 -g3 -DDEBUG -DUSE_HAL_DRIVER -DSTM32F411xE -c -I../Core/Inc -I../Drivers/STM32F4xx_HAL_Driver/Inc -I../Drivers/STM32F4xx_HAL_Driver/Inc/Legacy -I../Drivers/CMSIS/Device/ST/STM32F4xx/Include -I../Drivers/CMSIS/Include -O0 -ffunction-sections -fdata-sections -Wall -fstack-usage -fcyclomatic-complexity -MMD -MP -MF"Core/Src/main.d" -MT"Core/Src/main.o" --specs=nano.specs -mfpu=fpv4-sp-d16 -mfloat-abi=hard -mthumb -o "Core/Src/main.o"
arm-none-eabi-gcc -o "trafikljus.elf" @"objects.list"   -mcpu=cortex-m4 -T"D:\JU\Microdata_Technology\Mikrodatateknik_HT2023\labs\lab2\trafikljus\STM32F411RETX_FLASH.ld" --specs=nosys.specs -Wl,-Map="trafikljus.map" -Wl,--gc-sections -static --specs=nano.specs -mfpu=fpv4-sp-d16 -mfloat-abi=hard -mthumb -Wl,--start-group -lc -lm -Wl,--end-group
Finished building target: trafikljus.elf
 
arm-none-eabi-size   trafikljus.elf 
arm-none-eabi-objdump -h -S  trafikljus.elf  > "trafikljus.list"
   text	   data	    bss	    dec	    hex	filename
   8728	     20	   1644	  10392	   2898	trafikljus.elf
Finished building: default.size.stdout
 
Finished building: trafikljus.list
 
14:42:03 **** Incremental Build of configuration Debug for project trafikljus ****
make -j8 all 
arm-none-eabi-gcc "../Core/Src/main.c" -mcpu=cortex-m4 -std=gnu11 -g3 -DDEBUG -DUSE_HAL_DRIVER -DSTM32F411xE -c -I../Core/Inc -I../Drivers/STM32F4xx_HAL_Driver/Inc -I../Drivers/STM32F4xx_HAL_Driver/Inc/Legacy -I../Drivers/CMSIS/Device/ST/STM32F4xx/Include -I../Drivers/CMSIS/Include -O0 -ffunction-sections -fdata-sections -Wall -fstack-usage -fcyclomatic-complexity -MMD -MP -MF"Core/Src/main.d" -MT"Core/Src/main.o" --specs=nano.specs -mfpu=fpv4-sp-d16 -mfloat-abi=hard -mthumb -o "Core/Src/main.o"
arm-none-eabi-gcc -o "trafikljus.elf" @"objects.list"   -mcpu=cortex-m4 -T"D:\JU\Microdata_Technology\Mikrodatateknik_HT2023\labs\lab2\trafikljus\STM32F411RETX_FLASH.ld" --specs=nosys.specs -Wl,-Map="trafikljus.map" -Wl,--gc-sections -static --specs=nano.specs -mfpu=fpv4-sp-d16 -mfloat-abi=hard -mthumb -Wl,--start-group -lc -lm -Wl,--end-group
Finished building target: trafikljus.elf
 
arm-none-eabi-size   trafikljus.elf 
arm-none-eabi-objdump -h -S  trafikljus.elf  > "trafikljus.list"
   text	   data	    bss	    dec	    hex	filename
   8728	     20	   1644	  10392	   2898	trafikljus.elf
Finished building: default.size.stdout
 
Finished building: trafikljus.list
 
17:16:11 **** Incremental Build of configuration Debug for project trafikljus ****
make -j8 all 
arm-none-eabi-gcc "../Core/Src/main.c" -mcpu=cortex-m4 -std=gnu11 -g3 -DDEBUG -DUSE_HAL_DRIVER -DSTM32F411xE -c -I../Core/Inc -I../Drivers/STM32F4xx_HAL_Driver/Inc -I../Drivers/STM32F4xx_HAL_Driver/Inc/Legacy -I../Drivers/CMSIS/Device/ST/STM32F4xx/Include -I../Drivers/CMSIS/Include -O0 -ffunction-sections -fdata-sections -Wall -fstack-usage -fcyclomatic-complexity -MMD -MP -MF"Core/Src/main.d" -MT"Core/Src/main.o" --specs=nano.specs -mfpu=fpv4-sp-d16 -mfloat-abi=hard -mthumb -o "Core/Src/main.o"
arm-none-eabi-gcc -o "trafikljus.elf" @"objects.list"   -mcpu=cortex-m4 -T"D:\JU\Microdata_Technology\Mikrodatateknik_HT2023\labs\lab2\trafikljus\STM32F411RETX_FLASH.ld" --specs=nosys.specs -Wl,-Map="trafikljus.map" -Wl,--gc-sections -static --specs=nano.specs -mfpu=fpv4-sp-d16 -mfloat-abi=hard -mthumb -Wl,--start-group -lc -lm -Wl,--end-group
Finished building target: trafikljus.elf
 
arm-none-eabi-size   trafikljus.elf 
arm-none-eabi-objdump -h -S  trafikljus.elf  > "trafikljus.list"
   text	   data	    bss	    dec	    hex	filename
   8788	     20	   1652	  10460	   28dc	trafikljus.elf
Finished building: default.size.stdout
 
Finished building: trafikljus.list
 
17:31:29 **** Incremental Build of configuration Debug for project trafikljus ****
make -j8 all 
arm-none-eabi-gcc "../Core/Src/main.c" -mcpu=cortex-m4 -std=gnu11 -g3 -DDEBUG -DUSE_HAL_DRIVER -DSTM32F411xE -c -I../Core/Inc -I../Drivers/STM32F4xx_HAL_Driver/Inc -I../Drivers/STM32F4xx_HAL_Driver/Inc/Legacy -I../Drivers/CMSIS/Device/ST/STM32F4xx/Include -I../Drivers/CMSIS/Include -O0 -ffunction-sections -fdata-sections -Wall -fstack-usage -fcyclomatic-complexity -MMD -MP -MF"Core/Src/main.d" -MT"Core/Src/main.o" --specs=nano.specs -mfpu=fpv4-sp-d16 -mfloat-abi=hard -mthumb -o "Core/Src/main.o"
arm-none-eabi-gcc -o "trafikljus.elf" @"objects.list"   -mcpu=cortex-m4 -T"D:\JU\Microdata_Technology\Mikrodatateknik_HT2023\labs\lab2\trafikljus\STM32F411RETX_FLASH.ld" --specs=nosys.specs -Wl,-Map="trafikljus.map" -Wl,--gc-sections -static --specs=nano.specs -mfpu=fpv4-sp-d16 -mfloat-abi=hard -mthumb -Wl,--start-group -lc -lm -Wl,--end-group
Finished building target: trafikljus.elf
 
arm-none-eabi-size   trafikljus.elf 
arm-none-eabi-objdump -h -S  trafikljus.elf  > "trafikljus.list"
   text	   data	    bss	    dec	    hex	filename
   8712	     20	   1652	  10384	   2890	trafikljus.elf
Finished building: default.size.stdout
 
Finished building: trafikljus.list
 
17:32:17 **** Incremental Build of configuration Debug for project trafikljus ****
make -j8 all 
arm-none-eabi-size   trafikljus.elf 
   text	   data	    bss	    dec	    hex	filename
   8712	     20	   1652	  10384	   2890	trafikljus.elf
Finished building: default.size.stdout
 
18:10:10 **** Incremental Build of configuration Debug for project trafikljus ****
make -j8 all 
arm-none-eabi-gcc "../Core/Src/main.c" -mcpu=cortex-m4 -std=gnu11 -g3 -DDEBUG -DUSE_HAL_DRIVER -DSTM32F411xE -c -I../Core/Inc -I../Drivers/STM32F4xx_HAL_Driver/Inc -I../Drivers/STM32F4xx_HAL_Driver/Inc/Legacy -I../Drivers/CMSIS/Device/ST/STM32F4xx/Include -I../Drivers/CMSIS/Include -O0 -ffunction-sections -fdata-sections -Wall -fstack-usage -fcyclomatic-complexity -MMD -MP -MF"Core/Src/main.d" -MT"Core/Src/main.o" --specs=nano.specs -mfpu=fpv4-sp-d16 -mfloat-abi=hard -mthumb -o "Core/Src/main.o"
arm-none-eabi-gcc -o "trafikljus.elf" @"objects.list"   -mcpu=cortex-m4 -T"D:\JU\Microdata_Technology\Mikrodatateknik_HT2023\labs\lab2\trafikljus\STM32F411RETX_FLASH.ld" --specs=nosys.specs -Wl,-Map="trafikljus.map" -Wl,--gc-sections -static --specs=nano.specs -mfpu=fpv4-sp-d16 -mfloat-abi=hard -mthumb -Wl,--start-group -lc -lm -Wl,--end-group
Finished building target: trafikljus.elf
 
arm-none-eabi-size   trafikljus.elf 
arm-none-eabi-objdump -h -S  trafikljus.elf  > "trafikljus.list"
   text	   data	    bss	    dec	    hex	filename
   8680	     20	   1636	  10336	   2860	trafikljus.elf
Finished building: default.size.stdout
 
Finished building: trafikljus.list
 
20:22:47 **** Incremental Build of configuration Debug for project trafikljus ****
make -j8 all 
arm-none-eabi-gcc "../Core/Src/main.c" -mcpu=cortex-m4 -std=gnu11 -g3 -DDEBUG -DUSE_HAL_DRIVER -DSTM32F411xE -c -I../Core/Inc -I../Drivers/STM32F4xx_HAL_Driver/Inc -I../Drivers/STM32F4xx_HAL_Driver/Inc/Legacy -I../Drivers/CMSIS/Device/ST/STM32F4xx/Include -I../Drivers/CMSIS/Include -O0 -ffunction-sections -fdata-sections -Wall -fstack-usage -fcyclomatic-complexity -MMD -MP -MF"Core/Src/main.d" -MT"Core/Src/main.o" --specs=nano.specs -mfpu=fpv4-sp-d16 -mfloat-abi=hard -mthumb -o "Core/Src/main.o"
../Core/Src/main.c:56:12: error: array type has incomplete element type 'enum event'
   56 | enum event evq[ EVQ_SIZE ];
      |            ^~~
make: *** [Core/Src/subdir.mk:34: Core/Src/main.o] Error 1
"make -j8 all" terminated with exit code 2. Build might be incomplete.
20:23:41 **** Incremental Build of configuration Debug for project trafikljus ****
make -j8 all 
arm-none-eabi-gcc "../Core/Src/main.c" -mcpu=cortex-m4 -std=gnu11 -g3 -DDEBUG -DUSE_HAL_DRIVER -DSTM32F411xE -c -I../Core/Inc -I../Drivers/STM32F4xx_HAL_Driver/Inc -I../Drivers/STM32F4xx_HAL_Driver/Inc/Legacy -I../Drivers/CMSIS/Device/ST/STM32F4xx/Include -I../Drivers/CMSIS/Include -O0 -ffunction-sections -fdata-sections -Wall -fstack-usage -fcyclomatic-complexity -MMD -MP -MF"Core/Src/main.d" -MT"Core/Src/main.o" --specs=nano.specs -mfpu=fpv4-sp-d16 -mfloat-abi=hard -mthumb -o "Core/Src/main.o"
arm-none-eabi-gcc -o "trafikljus.elf" @"objects.list"   -mcpu=cortex-m4 -T"D:\JU\Microdata_Technology\Mikrodatateknik_HT2023\labs\lab2\trafikljus\STM32F411RETX_FLASH.ld" --specs=nosys.specs -Wl,-Map="trafikljus.map" -Wl,--gc-sections -static --specs=nano.specs -mfpu=fpv4-sp-d16 -mfloat-abi=hard -mthumb -Wl,--start-group -lc -lm -Wl,--end-group
Finished building target: trafikljus.elf
 
arm-none-eabi-size   trafikljus.elf 
arm-none-eabi-objdump -h -S  trafikljus.elf  > "trafikljus.list"
   text	   data	    bss	    dec	    hex	filename
   9072	     20	   1660	  10752	   2a00	trafikljus.elf
Finished building: default.size.stdout
 
Finished building: trafikljus.list
 
20:28:21 **** Incremental Build of configuration Debug for project trafikljus ****
make -j8 all 
arm-none-eabi-gcc "../Core/Src/main.c" -mcpu=cortex-m4 -std=gnu11 -g3 -DDEBUG -DUSE_HAL_DRIVER -DSTM32F411xE -c -I../Core/Inc -I../Drivers/STM32F4xx_HAL_Driver/Inc -I../Drivers/STM32F4xx_HAL_Driver/Inc/Legacy -I../Drivers/CMSIS/Device/ST/STM32F4xx/Include -I../Drivers/CMSIS/Include -O0 -ffunction-sections -fdata-sections -Wall -fstack-usage -fcyclomatic-complexity -MMD -MP -MF"Core/Src/main.d" -MT"Core/Src/main.o" --specs=nano.specs -mfpu=fpv4-sp-d16 -mfloat-abi=hard -mthumb -o "Core/Src/main.o"
arm-none-eabi-gcc -o "trafikljus.elf" @"objects.list"   -mcpu=cortex-m4 -T"D:\JU\Microdata_Technology\Mikrodatateknik_HT2023\labs\lab2\trafikljus\STM32F411RETX_FLASH.ld" --specs=nosys.specs -Wl,-Map="trafikljus.map" -Wl,--gc-sections -static --specs=nano.specs -mfpu=fpv4-sp-d16 -mfloat-abi=hard -mthumb -Wl,--start-group -lc -lm -Wl,--end-group
Finished building target: trafikljus.elf
 
arm-none-eabi-size   trafikljus.elf 
arm-none-eabi-objdump -h -S  trafikljus.elf  > "trafikljus.list"
   text	   data	    bss	    dec	    hex	filename
   9064	     20	   1660	  10744	   29f8	trafikljus.elf
Finished building: default.size.stdout
 
Finished building: trafikljus.list
 
20:32:32 **** Incremental Build of configuration Debug for project trafikljus ****
make -j8 all 
arm-none-eabi-gcc "../Core/Src/main.c" -mcpu=cortex-m4 -std=gnu11 -g3 -DDEBUG -DUSE_HAL_DRIVER -DSTM32F411xE -c -I../Core/Inc -I../Drivers/STM32F4xx_HAL_Driver/Inc -I../Drivers/STM32F4xx_HAL_Driver/Inc/Legacy -I../Drivers/CMSIS/Device/ST/STM32F4xx/Include -I../Drivers/CMSIS/Include -O0 -ffunction-sections -fdata-sections -Wall -fstack-usage -fcyclomatic-complexity -MMD -MP -MF"Core/Src/main.d" -MT"Core/Src/main.o" --specs=nano.specs -mfpu=fpv4-sp-d16 -mfloat-abi=hard -mthumb -o "Core/Src/main.o"
arm-none-eabi-gcc -o "trafikljus.elf" @"objects.list"   -mcpu=cortex-m4 -T"D:\JU\Microdata_Technology\Mikrodatateknik_HT2023\labs\lab2\trafikljus\STM32F411RETX_FLASH.ld" --specs=nosys.specs -Wl,-Map="trafikljus.map" -Wl,--gc-sections -static --specs=nano.specs -mfpu=fpv4-sp-d16 -mfloat-abi=hard -mthumb -Wl,--start-group -lc -lm -Wl,--end-group
Finished building target: trafikljus.elf
 
arm-none-eabi-size   trafikljus.elf 
arm-none-eabi-objdump -h -S  trafikljus.elf  > "trafikljus.list"
   text	   data	    bss	    dec	    hex	filename
   9064	     20	   1660	  10744	   29f8	trafikljus.elf
Finished building: default.size.stdout
 
Finished building: trafikljus.list
 
20:40:49 **** Incremental Build of configuration Debug for project trafikljus ****
make -j8 all 
arm-none-eabi-gcc "../Core/Src/main.c" -mcpu=cortex-m4 -std=gnu11 -g3 -DDEBUG -DUSE_HAL_DRIVER -DSTM32F411xE -c -I../Core/Inc -I../Drivers/STM32F4xx_HAL_Driver/Inc -I../Drivers/STM32F4xx_HAL_Driver/Inc/Legacy -I../Drivers/CMSIS/Device/ST/STM32F4xx/Include -I../Drivers/CMSIS/Include -O0 -ffunction-sections -fdata-sections -Wall -fstack-usage -fcyclomatic-complexity -MMD -MP -MF"Core/Src/main.d" -MT"Core/Src/main.o" --specs=nano.specs -mfpu=fpv4-sp-d16 -mfloat-abi=hard -mthumb -o "Core/Src/main.o"
arm-none-eabi-gcc -o "trafikljus.elf" @"objects.list"   -mcpu=cortex-m4 -T"D:\JU\Microdata_Technology\Mikrodatateknik_HT2023\labs\lab2\trafikljus\STM32F411RETX_FLASH.ld" --specs=nosys.specs -Wl,-Map="trafikljus.map" -Wl,--gc-sections -static --specs=nano.specs -mfpu=fpv4-sp-d16 -mfloat-abi=hard -mthumb -Wl,--start-group -lc -lm -Wl,--end-group
Finished building target: trafikljus.elf
 
arm-none-eabi-size   trafikljus.elf 
arm-none-eabi-objdump -h -S  trafikljus.elf  > "trafikljus.list"
   text	   data	    bss	    dec	    hex	filename
   8988	     20	   1660	  10668	   29ac	trafikljus.elf
Finished building: default.size.stdout
 
Finished building: trafikljus.list
 
20:43:40 **** Incremental Build of configuration Debug for project trafikljus ****
make -j8 all 
arm-none-eabi-gcc "../Core/Src/main.c" -mcpu=cortex-m4 -std=gnu11 -g3 -DDEBUG -DUSE_HAL_DRIVER -DSTM32F411xE -c -I../Core/Inc -I../Drivers/STM32F4xx_HAL_Driver/Inc -I../Drivers/STM32F4xx_HAL_Driver/Inc/Legacy -I../Drivers/CMSIS/Device/ST/STM32F4xx/Include -I../Drivers/CMSIS/Include -O0 -ffunction-sections -fdata-sections -Wall -fstack-usage -fcyclomatic-complexity -MMD -MP -MF"Core/Src/main.d" -MT"Core/Src/main.o" --specs=nano.specs -mfpu=fpv4-sp-d16 -mfloat-abi=hard -mthumb -o "Core/Src/main.o"
arm-none-eabi-gcc -o "trafikljus.elf" @"objects.list"   -mcpu=cortex-m4 -T"D:\JU\Microdata_Technology\Mikrodatateknik_HT2023\labs\lab2\trafikljus\STM32F411RETX_FLASH.ld" --specs=nosys.specs -Wl,-Map="trafikljus.map" -Wl,--gc-sections -static --specs=nano.specs -mfpu=fpv4-sp-d16 -mfloat-abi=hard -mthumb -Wl,--start-group -lc -lm -Wl,--end-group
Finished building target: trafikljus.elf
 
arm-none-eabi-size   trafikljus.elf 
arm-none-eabi-objdump -h -S  trafikljus.elf  > "trafikljus.list"
   text	   data	    bss	    dec	    hex	filename
   8984	     20	   1660	  10664	   29a8	trafikljus.elf
Finished building: default.size.stdout
 
Finished building: trafikljus.list
 
20:51:05 **** Incremental Build of configuration Debug for project trafikljus ****
make -j8 all 
arm-none-eabi-gcc "../Core/Src/main.c" -mcpu=cortex-m4 -std=gnu11 -g3 -DDEBUG -DUSE_HAL_DRIVER -DSTM32F411xE -c -I../Core/Inc -I../Drivers/STM32F4xx_HAL_Driver/Inc -I../Drivers/STM32F4xx_HAL_Driver/Inc/Legacy -I../Drivers/CMSIS/Device/ST/STM32F4xx/Include -I../Drivers/CMSIS/Include -O0 -ffunction-sections -fdata-sections -Wall -fstack-usage -fcyclomatic-complexity -MMD -MP -MF"Core/Src/main.d" -MT"Core/Src/main.o" --specs=nano.specs -mfpu=fpv4-sp-d16 -mfloat-abi=hard -mthumb -o "Core/Src/main.o"
arm-none-eabi-gcc -o "trafikljus.elf" @"objects.list"   -mcpu=cortex-m4 -T"D:\JU\Microdata_Technology\Mikrodatateknik_HT2023\labs\lab2\trafikljus\STM32F411RETX_FLASH.ld" --specs=nosys.specs -Wl,-Map="trafikljus.map" -Wl,--gc-sections -static --specs=nano.specs -mfpu=fpv4-sp-d16 -mfloat-abi=hard -mthumb -Wl,--start-group -lc -lm -Wl,--end-group
Finished building target: trafikljus.elf
 
arm-none-eabi-size   trafikljus.elf 
arm-none-eabi-objdump -h -S  trafikljus.elf  > "trafikljus.list"
   text	   data	    bss	    dec	    hex	filename
   8984	     20	   1660	  10664	   29a8	trafikljus.elf
Finished building: default.size.stdout
 
Finished building: trafikljus.list
 
20:54:10 **** Incremental Build of configuration Debug for project trafikljus ****
make -j8 all 
arm-none-eabi-gcc "../Core/Src/main.c" -mcpu=cortex-m4 -std=gnu11 -g3 -DDEBUG -DUSE_HAL_DRIVER -DSTM32F411xE -c -I../Core/Inc -I../Drivers/STM32F4xx_HAL_Driver/Inc -I../Drivers/STM32F4xx_HAL_Driver/Inc/Legacy -I../Drivers/CMSIS/Device/ST/STM32F4xx/Include -I../Drivers/CMSIS/Include -O0 -ffunction-sections -fdata-sections -Wall -fstack-usage -fcyclomatic-complexity -MMD -MP -MF"Core/Src/main.d" -MT"Core/Src/main.o" --specs=nano.specs -mfpu=fpv4-sp-d16 -mfloat-abi=hard -mthumb -o "Core/Src/main.o"
arm-none-eabi-gcc -o "trafikljus.elf" @"objects.list"   -mcpu=cortex-m4 -T"D:\JU\Microdata_Technology\Mikrodatateknik_HT2023\labs\lab2\trafikljus\STM32F411RETX_FLASH.ld" --specs=nosys.specs -Wl,-Map="trafikljus.map" -Wl,--gc-sections -static --specs=nano.specs -mfpu=fpv4-sp-d16 -mfloat-abi=hard -mthumb -Wl,--start-group -lc -lm -Wl,--end-group
Finished building target: trafikljus.elf
 
arm-none-eabi-size   trafikljus.elf 
arm-none-eabi-objdump -h -S  trafikljus.elf  > "trafikljus.list"
   text	   data	    bss	    dec	    hex	filename
   8964	     20	   1660	  10644	   2994	trafikljus.elf
Finished building: default.size.stdout
 
Finished building: trafikljus.list
 
20:56:37 **** Incremental Build of configuration Debug for project trafikljus ****
make -j8 all 
arm-none-eabi-gcc "../Core/Src/main.c" -mcpu=cortex-m4 -std=gnu11 -g3 -DDEBUG -DUSE_HAL_DRIVER -DSTM32F411xE -c -I../Core/Inc -I../Drivers/STM32F4xx_HAL_Driver/Inc -I../Drivers/STM32F4xx_HAL_Driver/Inc/Legacy -I../Drivers/CMSIS/Device/ST/STM32F4xx/Include -I../Drivers/CMSIS/Include -O0 -ffunction-sections -fdata-sections -Wall -fstack-usage -fcyclomatic-complexity -MMD -MP -MF"Core/Src/main.d" -MT"Core/Src/main.o" --specs=nano.specs -mfpu=fpv4-sp-d16 -mfloat-abi=hard -mthumb -o "Core/Src/main.o"
arm-none-eabi-gcc -o "trafikljus.elf" @"objects.list"   -mcpu=cortex-m4 -T"D:\JU\Microdata_Technology\Mikrodatateknik_HT2023\labs\lab2\trafikljus\STM32F411RETX_FLASH.ld" --specs=nosys.specs -Wl,-Map="trafikljus.map" -Wl,--gc-sections -static --specs=nano.specs -mfpu=fpv4-sp-d16 -mfloat-abi=hard -mthumb -Wl,--start-group -lc -lm -Wl,--end-group
Finished building target: trafikljus.elf
 
arm-none-eabi-size   trafikljus.elf 
arm-none-eabi-objdump -h -S  trafikljus.elf  > "trafikljus.list"
   text	   data	    bss	    dec	    hex	filename
   8944	     20	   1660	  10624	   2980	trafikljus.elf
Finished building: default.size.stdout
 
Finished building: trafikljus.list
 
20:59:50 **** Incremental Build of configuration Debug for project trafikljus ****
make -j8 all 
arm-none-eabi-gcc "../Core/Src/main.c" -mcpu=cortex-m4 -std=gnu11 -g3 -DDEBUG -DUSE_HAL_DRIVER -DSTM32F411xE -c -I../Core/Inc -I../Drivers/STM32F4xx_HAL_Driver/Inc -I../Drivers/STM32F4xx_HAL_Driver/Inc/Legacy -I../Drivers/CMSIS/Device/ST/STM32F4xx/Include -I../Drivers/CMSIS/Include -O0 -ffunction-sections -fdata-sections -Wall -fstack-usage -fcyclomatic-complexity -MMD -MP -MF"Core/Src/main.d" -MT"Core/Src/main.o" --specs=nano.specs -mfpu=fpv4-sp-d16 -mfloat-abi=hard -mthumb -o "Core/Src/main.o"
arm-none-eabi-gcc -o "trafikljus.elf" @"objects.list"   -mcpu=cortex-m4 -T"D:\JU\Microdata_Technology\Mikrodatateknik_HT2023\labs\lab2\trafikljus\STM32F411RETX_FLASH.ld" --specs=nosys.specs -Wl,-Map="trafikljus.map" -Wl,--gc-sections -static --specs=nano.specs -mfpu=fpv4-sp-d16 -mfloat-abi=hard -mthumb -Wl,--start-group -lc -lm -Wl,--end-group
Finished building target: trafikljus.elf
 
arm-none-eabi-size   trafikljus.elf 
arm-none-eabi-objdump -h -S  trafikljus.elf  > "trafikljus.list"
   text	   data	    bss	    dec	    hex	filename
   8944	     20	   1660	  10624	   2980	trafikljus.elf
Finished building: default.size.stdout
 
Finished building: trafikljus.list
 
21:35:22 **** Incremental Build of configuration Debug for project trafikljus ****
make -j8 all 
arm-none-eabi-gcc "../Core/Src/main.c" -mcpu=cortex-m4 -std=gnu11 -g3 -DDEBUG -DUSE_HAL_DRIVER -DSTM32F411xE -c -I../Core/Inc -I../Drivers/STM32F4xx_HAL_Driver/Inc -I../Drivers/STM32F4xx_HAL_Driver/Inc/Legacy -I../Drivers/CMSIS/Device/ST/STM32F4xx/Include -I../Drivers/CMSIS/Include -O0 -ffunction-sections -fdata-sections -Wall -fstack-usage -fcyclomatic-complexity -MMD -MP -MF"Core/Src/main.d" -MT"Core/Src/main.o" --specs=nano.specs -mfpu=fpv4-sp-d16 -mfloat-abi=hard -mthumb -o "Core/Src/main.o"
arm-none-eabi-gcc "../Core/Src/stm32f4xx_hal_msp.c" -mcpu=cortex-m4 -std=gnu11 -g3 -DDEBUG -DUSE_HAL_DRIVER -DSTM32F411xE -c -I../Core/Inc -I../Drivers/STM32F4xx_HAL_Driver/Inc -I../Drivers/STM32F4xx_HAL_Driver/Inc/Legacy -I../Drivers/CMSIS/Device/ST/STM32F4xx/Include -I../Drivers/CMSIS/Include -O0 -ffunction-sections -fdata-sections -Wall -fstack-usage -fcyclomatic-complexity -MMD -MP -MF"Core/Src/stm32f4xx_hal_msp.d" -MT"Core/Src/stm32f4xx_hal_msp.o" --specs=nano.specs -mfpu=fpv4-sp-d16 -mfloat-abi=hard -mthumb -o "Core/Src/stm32f4xx_hal_msp.o"
arm-none-eabi-gcc "../Core/Src/stm32f4xx_it.c" -mcpu=cortex-m4 -std=gnu11 -g3 -DDEBUG -DUSE_HAL_DRIVER -DSTM32F411xE -c -I../Core/Inc -I../Drivers/STM32F4xx_HAL_Driver/Inc -I../Drivers/STM32F4xx_HAL_Driver/Inc/Legacy -I../Drivers/CMSIS/Device/ST/STM32F4xx/Include -I../Drivers/CMSIS/Include -O0 -ffunction-sections -fdata-sections -Wall -fstack-usage -fcyclomatic-complexity -MMD -MP -MF"Core/Src/stm32f4xx_it.d" -MT"Core/Src/stm32f4xx_it.o" --specs=nano.specs -mfpu=fpv4-sp-d16 -mfloat-abi=hard -mthumb -o "Core/Src/stm32f4xx_it.o"
arm-none-eabi-gcc -o "trafikljus.elf" @"objects.list"   -mcpu=cortex-m4 -T"D:\JU\Microdata_Technology\Mikrodatateknik_HT2023\labs\lab2\trafikljus\STM32F411RETX_FLASH.ld" --specs=nosys.specs -Wl,-Map="trafikljus.map" -Wl,--gc-sections -static --specs=nano.specs -mfpu=fpv4-sp-d16 -mfloat-abi=hard -mthumb -Wl,--start-group -lc -lm -Wl,--end-group
Finished building target: trafikljus.elf
 
arm-none-eabi-size   trafikljus.elf 
arm-none-eabi-objdump -h -S  trafikljus.elf  > "trafikljus.list"
   text	   data	    bss	    dec	    hex	filename
   9084	     20	   1660	  10764	   2a0c	trafikljus.elf
Finished building: default.size.stdout
 
Finished building: trafikljus.list
 
21:38:24 **** Incremental Build of configuration Debug for project trafikljus ****
make -j8 all 
arm-none-eabi-gcc "../Core/Src/main.c" -mcpu=cortex-m4 -std=gnu11 -g3 -DDEBUG -DUSE_HAL_DRIVER -DSTM32F411xE -c -I../Core/Inc -I../Drivers/STM32F4xx_HAL_Driver/Inc -I../Drivers/STM32F4xx_HAL_Driver/Inc/Legacy -I../Drivers/CMSIS/Device/ST/STM32F4xx/Include -I../Drivers/CMSIS/Include -O0 -ffunction-sections -fdata-sections -Wall -fstack-usage -fcyclomatic-complexity -MMD -MP -MF"Core/Src/main.d" -MT"Core/Src/main.o" --specs=nano.specs -mfpu=fpv4-sp-d16 -mfloat-abi=hard -mthumb -o "Core/Src/main.o"
../Core/Src/main.c: In function 'evq_pop_front':
../Core/Src/main.c:124:18: error: 'ev_none' undeclared (first use in this function)
  124 |   enum event e = ev_none;
      |                  ^~~~~~~
../Core/Src/main.c:124:18: note: each undeclared identifier is reported only once for each function it appears in
make: *** [Core/Src/subdir.mk:34: Core/Src/main.o] Error 1
"make -j8 all" terminated with exit code 2. Build might be incomplete.
21:38:55 **** Incremental Build of configuration Debug for project trafikljus ****
make -j8 all 
arm-none-eabi-gcc "../Core/Src/main.c" -mcpu=cortex-m4 -std=gnu11 -g3 -DDEBUG -DUSE_HAL_DRIVER -DSTM32F411xE -c -I../Core/Inc -I../Drivers/STM32F4xx_HAL_Driver/Inc -I../Drivers/STM32F4xx_HAL_Driver/Inc/Legacy -I../Drivers/CMSIS/Device/ST/STM32F4xx/Include -I../Drivers/CMSIS/Include -O0 -ffunction-sections -fdata-sections -Wall -fstack-usage -fcyclomatic-complexity -MMD -MP -MF"Core/Src/main.d" -MT"Core/Src/main.o" --specs=nano.specs -mfpu=fpv4-sp-d16 -mfloat-abi=hard -mthumb -o "Core/Src/main.o"
arm-none-eabi-gcc -o "trafikljus.elf" @"objects.list"   -mcpu=cortex-m4 -T"D:\JU\Microdata_Technology\Mikrodatateknik_HT2023\labs\lab2\trafikljus\STM32F411RETX_FLASH.ld" --specs=nosys.specs -Wl,-Map="trafikljus.map" -Wl,--gc-sections -static --specs=nano.specs -mfpu=fpv4-sp-d16 -mfloat-abi=hard -mthumb -Wl,--start-group -lc -lm -Wl,--end-group
Finished building target: trafikljus.elf
 
arm-none-eabi-size   trafikljus.elf 
arm-none-eabi-objdump -h -S  trafikljus.elf  > "trafikljus.list"
   text	   data	    bss	    dec	    hex	filename
   9080	     20	   1660	  10760	   2a08	trafikljus.elf
Finished building: default.size.stdout
 
Finished building: trafikljus.list
 
21:57:14 **** Incremental Build of configuration Debug for project trafikljus ****
make -j8 all 
arm-none-eabi-gcc "../Core/Src/main.c" -mcpu=cortex-m4 -std=gnu11 -g3 -DDEBUG -DUSE_HAL_DRIVER -DSTM32F411xE -c -I../Core/Inc -I../Drivers/STM32F4xx_HAL_Driver/Inc -I../Drivers/STM32F4xx_HAL_Driver/Inc/Legacy -I../Drivers/CMSIS/Device/ST/STM32F4xx/Include -I../Drivers/CMSIS/Include -O0 -ffunction-sections -fdata-sections -Wall -fstack-usage -fcyclomatic-complexity -MMD -MP -MF"Core/Src/main.d" -MT"Core/Src/main.o" --specs=nano.specs -mfpu=fpv4-sp-d16 -mfloat-abi=hard -mthumb -o "Core/Src/main.o"
arm-none-eabi-gcc "../Core/Src/stm32f4xx_hal_msp.c" -mcpu=cortex-m4 -std=gnu11 -g3 -DDEBUG -DUSE_HAL_DRIVER -DSTM32F411xE -c -I../Core/Inc -I../Drivers/STM32F4xx_HAL_Driver/Inc -I../Drivers/STM32F4xx_HAL_Driver/Inc/Legacy -I../Drivers/CMSIS/Device/ST/STM32F4xx/Include -I../Drivers/CMSIS/Include -O0 -ffunction-sections -fdata-sections -Wall -fstack-usage -fcyclomatic-complexity -MMD -MP -MF"Core/Src/stm32f4xx_hal_msp.d" -MT"Core/Src/stm32f4xx_hal_msp.o" --specs=nano.specs -mfpu=fpv4-sp-d16 -mfloat-abi=hard -mthumb -o "Core/Src/stm32f4xx_hal_msp.o"
arm-none-eabi-gcc "../Core/Src/stm32f4xx_it.c" -mcpu=cortex-m4 -std=gnu11 -g3 -DDEBUG -DUSE_HAL_DRIVER -DSTM32F411xE -c -I../Core/Inc -I../Drivers/STM32F4xx_HAL_Driver/Inc -I../Drivers/STM32F4xx_HAL_Driver/Inc/Legacy -I../Drivers/CMSIS/Device/ST/STM32F4xx/Include -I../Drivers/CMSIS/Include -O0 -ffunction-sections -fdata-sections -Wall -fstack-usage -fcyclomatic-complexity -MMD -MP -MF"Core/Src/stm32f4xx_it.d" -MT"Core/Src/stm32f4xx_it.o" --specs=nano.specs -mfpu=fpv4-sp-d16 -mfloat-abi=hard -mthumb -o "Core/Src/stm32f4xx_it.o"
arm-none-eabi-gcc -o "trafikljus.elf" @"objects.list"   -mcpu=cortex-m4 -T"D:\JU\Microdata_Technology\Mikrodatateknik_HT2023\labs\lab2\trafikljus\STM32F411RETX_FLASH.ld" --specs=nosys.specs -Wl,-Map="trafikljus.map" -Wl,--gc-sections -static --specs=nano.specs -mfpu=fpv4-sp-d16 -mfloat-abi=hard -mthumb -Wl,--start-group -lc -lm -Wl,--end-group
C:/ST/STM32CubeIDE_1.13.1/STM32CubeIDE/plugins/com.st.stm32cube.ide.mcu.externaltools.gnu-tools-for-stm32.11.3.rel1.win32_1.1.0.202305231506/tools/bin/../lib/gcc/arm-none-eabi/11.3.1/../../../../arm-none-eabi/bin/ld.exe: ./Core/Src/main.o: in function `main':
D:/JU/Microdata_Technology/Mikrodatateknik_HT2023/labs/lab2/trafikljus/Debug/../Core/Src/main.c:278: undefined reference to `is_button_pressed'
collect2.exe: error: ld returned 1 exit status
make: *** [makefile:64: trafikljus.elf] Error 1
"make -j8 all" terminated with exit code 2. Build might be incomplete.
21:58:19 **** Incremental Build of configuration Debug for project trafikljus ****
make -j8 all 
arm-none-eabi-gcc "../Core/Src/main.c" -mcpu=cortex-m4 -std=gnu11 -g3 -DDEBUG -DUSE_HAL_DRIVER -DSTM32F411xE -c -I../Core/Inc -I../Drivers/STM32F4xx_HAL_Driver/Inc -I../Drivers/STM32F4xx_HAL_Driver/Inc/Legacy -I../Drivers/CMSIS/Device/ST/STM32F4xx/Include -I../Drivers/CMSIS/Include -O0 -ffunction-sections -fdata-sections -Wall -fstack-usage -fcyclomatic-complexity -MMD -MP -MF"Core/Src/main.d" -MT"Core/Src/main.o" --specs=nano.specs -mfpu=fpv4-sp-d16 -mfloat-abi=hard -mthumb -o "Core/Src/main.o"
arm-none-eabi-gcc -o "trafikljus.elf" @"objects.list"   -mcpu=cortex-m4 -T"D:\JU\Microdata_Technology\Mikrodatateknik_HT2023\labs\lab2\trafikljus\STM32F411RETX_FLASH.ld" --specs=nosys.specs -Wl,-Map="trafikljus.map" -Wl,--gc-sections -static --specs=nano.specs -mfpu=fpv4-sp-d16 -mfloat-abi=hard -mthumb -Wl,--start-group -lc -lm -Wl,--end-group
Finished building target: trafikljus.elf
 
arm-none-eabi-size   trafikljus.elf 
arm-none-eabi-objdump -h -S  trafikljus.elf  > "trafikljus.list"
   text	   data	    bss	    dec	    hex	filename
   9116	     20	   1668	  10804	   2a34	trafikljus.elf
Finished building: default.size.stdout
 
Finished building: trafikljus.list
 
22:19:59 **** Incremental Build of configuration Debug for project trafikljus ****
make -j8 all 
arm-none-eabi-gcc "../Core/Src/main.c" -mcpu=cortex-m4 -std=gnu11 -g3 -DDEBUG -DUSE_HAL_DRIVER -DSTM32F411xE -c -I../Core/Inc -I../Drivers/STM32F4xx_HAL_Driver/Inc -I../Drivers/STM32F4xx_HAL_Driver/Inc/Legacy -I../Drivers/CMSIS/Device/ST/STM32F4xx/Include -I../Drivers/CMSIS/Include -O0 -ffunction-sections -fdata-sections -Wall -fstack-usage -fcyclomatic-complexity -MMD -MP -MF"Core/Src/main.d" -MT"Core/Src/main.o" --specs=nano.specs -mfpu=fpv4-sp-d16 -mfloat-abi=hard -mthumb -o "Core/Src/main.o"
../Core/Src/main.c: In function 'my_systick_handler':
../Core/Src/main.c:102:35: error: 'current_state' undeclared (first use in this function)
  102 |   if (ticks_left_in_state == 0 && current_state != s_init && current_state != s_cars_go) {
      |                                   ^~~~~~~~~~~~~
../Core/Src/main.c:102:35: note: each undeclared identifier is reported only once for each function it appears in
make: *** [Core/Src/subdir.mk:34: Core/Src/main.o] Error 1
"make -j8 all" terminated with exit code 2. Build might be incomplete.
23:17:11 **** Incremental Build of configuration Debug for project trafikljus ****
make -j8 all 
arm-none-eabi-gcc "../Core/Src/main.c" -mcpu=cortex-m4 -std=gnu11 -g3 -DDEBUG -DUSE_HAL_DRIVER -DSTM32F411xE -c -I../Core/Inc -I../Drivers/STM32F4xx_HAL_Driver/Inc -I../Drivers/STM32F4xx_HAL_Driver/Inc/Legacy -I../Drivers/CMSIS/Device/ST/STM32F4xx/Include -I../Drivers/CMSIS/Include -O0 -ffunction-sections -fdata-sections -Wall -fstack-usage -fcyclomatic-complexity -MMD -MP -MF"Core/Src/main.d" -MT"Core/Src/main.o" --specs=nano.specs -mfpu=fpv4-sp-d16 -mfloat-abi=hard -mthumb -o "Core/Src/main.o"
arm-none-eabi-gcc -o "trafikljus.elf" @"objects.list"   -mcpu=cortex-m4 -T"D:\JU\Microdata_Technology\Mikrodatateknik_HT2023\labs\lab2\trafikljus\STM32F411RETX_FLASH.ld" --specs=nosys.specs -Wl,-Map="trafikljus.map" -Wl,--gc-sections -static --specs=nano.specs -mfpu=fpv4-sp-d16 -mfloat-abi=hard -mthumb -Wl,--start-group -lc -lm -Wl,--end-group
Finished building target: trafikljus.elf
 
arm-none-eabi-size   trafikljus.elf 
arm-none-eabi-objdump -h -S  trafikljus.elf  > "trafikljus.list"
   text	   data	    bss	    dec	    hex	filename
   9116	     20	   1668	  10804	   2a34	trafikljus.elf
Finished building: default.size.stdout
 
Finished building: trafikljus.list
 
23:20:08 **** Incremental Build of configuration Debug for project trafikljus ****
make -j8 all 
arm-none-eabi-gcc "../Core/Src/main.c" -mcpu=cortex-m4 -std=gnu11 -g3 -DDEBUG -DUSE_HAL_DRIVER -DSTM32F411xE -c -I../Core/Inc -I../Drivers/STM32F4xx_HAL_Driver/Inc -I../Drivers/STM32F4xx_HAL_Driver/Inc/Legacy -I../Drivers/CMSIS/Device/ST/STM32F4xx/Include -I../Drivers/CMSIS/Include -O0 -ffunction-sections -fdata-sections -Wall -fstack-usage -fcyclomatic-complexity -MMD -MP -MF"Core/Src/main.d" -MT"Core/Src/main.o" --specs=nano.specs -mfpu=fpv4-sp-d16 -mfloat-abi=hard -mthumb -o "Core/Src/main.o"
arm-none-eabi-gcc -o "trafikljus.elf" @"objects.list"   -mcpu=cortex-m4 -T"D:\JU\Microdata_Technology\Mikrodatateknik_HT2023\labs\lab2\trafikljus\STM32F411RETX_FLASH.ld" --specs=nosys.specs -Wl,-Map="trafikljus.map" -Wl,--gc-sections -static --specs=nano.specs -mfpu=fpv4-sp-d16 -mfloat-abi=hard -mthumb -Wl,--start-group -lc -lm -Wl,--end-group
Finished building target: trafikljus.elf
 
arm-none-eabi-size   trafikljus.elf 
arm-none-eabi-objdump -h -S  trafikljus.elf  > "trafikljus.list"
   text	   data	    bss	    dec	    hex	filename
   9140	     20	   1668	  10828	   2a4c	trafikljus.elf
Finished building: default.size.stdout
 
Finished building: trafikljus.list
 
23:22:18 **** Incremental Build of configuration Debug for project trafikljus ****
make -j8 all 
arm-none-eabi-gcc "../Core/Src/main.c" -mcpu=cortex-m4 -std=gnu11 -g3 -DDEBUG -DUSE_HAL_DRIVER -DSTM32F411xE -c -I../Core/Inc -I../Drivers/STM32F4xx_HAL_Driver/Inc -I../Drivers/STM32F4xx_HAL_Driver/Inc/Legacy -I../Drivers/CMSIS/Device/ST/STM32F4xx/Include -I../Drivers/CMSIS/Include -O0 -ffunction-sections -fdata-sections -Wall -fstack-usage -fcyclomatic-complexity -MMD -MP -MF"Core/Src/main.d" -MT"Core/Src/main.o" --specs=nano.specs -mfpu=fpv4-sp-d16 -mfloat-abi=hard -mthumb -o "Core/Src/main.o"
arm-none-eabi-gcc -o "trafikljus.elf" @"objects.list"   -mcpu=cortex-m4 -T"D:\JU\Microdata_Technology\Mikrodatateknik_HT2023\labs\lab2\trafikljus\STM32F411RETX_FLASH.ld" --specs=nosys.specs -Wl,-Map="trafikljus.map" -Wl,--gc-sections -static --specs=nano.specs -mfpu=fpv4-sp-d16 -mfloat-abi=hard -mthumb -Wl,--start-group -lc -lm -Wl,--end-group
Finished building target: trafikljus.elf
 
arm-none-eabi-size   trafikljus.elf 
arm-none-eabi-objdump -h -S  trafikljus.elf  > "trafikljus.list"
   text	   data	    bss	    dec	    hex	filename
   9112	     20	   1668	  10800	   2a30	trafikljus.elf
Finished building: default.size.stdout
 
Finished building: trafikljus.list
 
23:25:20 **** Incremental Build of configuration Debug for project trafikljus ****
make -j8 all 
arm-none-eabi-gcc "../Core/Src/main.c" -mcpu=cortex-m4 -std=gnu11 -g3 -DDEBUG -DUSE_HAL_DRIVER -DSTM32F411xE -c -I../Core/Inc -I../Drivers/STM32F4xx_HAL_Driver/Inc -I../Drivers/STM32F4xx_HAL_Driver/Inc/Legacy -I../Drivers/CMSIS/Device/ST/STM32F4xx/Include -I../Drivers/CMSIS/Include -O0 -ffunction-sections -fdata-sections -Wall -fstack-usage -fcyclomatic-complexity -MMD -MP -MF"Core/Src/main.d" -MT"Core/Src/main.o" --specs=nano.specs -mfpu=fpv4-sp-d16 -mfloat-abi=hard -mthumb -o "Core/Src/main.o"
arm-none-eabi-gcc -o "trafikljus.elf" @"objects.list"   -mcpu=cortex-m4 -T"D:\JU\Microdata_Technology\Mikrodatateknik_HT2023\labs\lab2\trafikljus\STM32F411RETX_FLASH.ld" --specs=nosys.specs -Wl,-Map="trafikljus.map" -Wl,--gc-sections -static --specs=nano.specs -mfpu=fpv4-sp-d16 -mfloat-abi=hard -mthumb -Wl,--start-group -lc -lm -Wl,--end-group
Finished building target: trafikljus.elf
 
arm-none-eabi-size   trafikljus.elf 
arm-none-eabi-objdump -h -S  trafikljus.elf  > "trafikljus.list"
   text	   data	    bss	    dec	    hex	filename
   9164	     20	   1668	  10852	   2a64	trafikljus.elf
Finished building: default.size.stdout
 
Finished building: trafikljus.list
 
23:26:00 **** Incremental Build of configuration Debug for project trafikljus ****
make -j8 all 
arm-none-eabi-size   trafikljus.elf 
   text	   data	    bss	    dec	    hex	filename
   9164	     20	   1668	  10852	   2a64	trafikljus.elf
Finished building: default.size.stdout
 
23:28:14 **** Incremental Build of configuration Debug for project trafikljus ****
make -j8 all 
arm-none-eabi-gcc "../Core/Src/main.c" -mcpu=cortex-m4 -std=gnu11 -g3 -DDEBUG -DUSE_HAL_DRIVER -DSTM32F411xE -c -I../Core/Inc -I../Drivers/STM32F4xx_HAL_Driver/Inc -I../Drivers/STM32F4xx_HAL_Driver/Inc/Legacy -I../Drivers/CMSIS/Device/ST/STM32F4xx/Include -I../Drivers/CMSIS/Include -O0 -ffunction-sections -fdata-sections -Wall -fstack-usage -fcyclomatic-complexity -MMD -MP -MF"Core/Src/main.d" -MT"Core/Src/main.o" --specs=nano.specs -mfpu=fpv4-sp-d16 -mfloat-abi=hard -mthumb -o "Core/Src/main.o"
../Core/Src/main.c: In function 'my_systick_handler':
../Core/Src/main.c:107:31: error: 'currTick' undeclared (first use in this function); did you mean 'uwTick'?
  107 |       ticks_left_in_state -= (currTick - systick_count);
      |                               ^~~~~~~~
      |                               uwTick
../Core/Src/main.c:107:31: note: each undeclared identifier is reported only once for each function it appears in
make: *** [Core/Src/subdir.mk:34: Core/Src/main.o] Error 1
"make -j8 all" terminated with exit code 2. Build might be incomplete.
23:28:28 **** Incremental Build of configuration Debug for project trafikljus ****
make -j8 all 
arm-none-eabi-gcc "../Core/Src/main.c" -mcpu=cortex-m4 -std=gnu11 -g3 -DDEBUG -DUSE_HAL_DRIVER -DSTM32F411xE -c -I../Core/Inc -I../Drivers/STM32F4xx_HAL_Driver/Inc -I../Drivers/STM32F4xx_HAL_Driver/Inc/Legacy -I../Drivers/CMSIS/Device/ST/STM32F4xx/Include -I../Drivers/CMSIS/Include -O0 -ffunction-sections -fdata-sections -Wall -fstack-usage -fcyclomatic-complexity -MMD -MP -MF"Core/Src/main.d" -MT"Core/Src/main.o" --specs=nano.specs -mfpu=fpv4-sp-d16 -mfloat-abi=hard -mthumb -o "Core/Src/main.o"
arm-none-eabi-gcc -o "trafikljus.elf" @"objects.list"   -mcpu=cortex-m4 -T"D:\JU\Microdata_Technology\Mikrodatateknik_HT2023\labs\lab2\trafikljus\STM32F411RETX_FLASH.ld" --specs=nosys.specs -Wl,-Map="trafikljus.map" -Wl,--gc-sections -static --specs=nano.specs -mfpu=fpv4-sp-d16 -mfloat-abi=hard -mthumb -Wl,--start-group -lc -lm -Wl,--end-group
Finished building target: trafikljus.elf
 
arm-none-eabi-size   trafikljus.elf 
arm-none-eabi-objdump -h -S  trafikljus.elf  > "trafikljus.list"
   text	   data	    bss	    dec	    hex	filename
   9140	     20	   1668	  10828	   2a4c	trafikljus.elf
Finished building: default.size.stdout
 
Finished building: trafikljus.list
 
23:31:17 **** Incremental Build of configuration Debug for project trafikljus ****
make -j8 all 
arm-none-eabi-gcc "../Core/Src/main.c" -mcpu=cortex-m4 -std=gnu11 -g3 -DDEBUG -DUSE_HAL_DRIVER -DSTM32F411xE -c -I../Core/Inc -I../Drivers/STM32F4xx_HAL_Driver/Inc -I../Drivers/STM32F4xx_HAL_Driver/Inc/Legacy -I../Drivers/CMSIS/Device/ST/STM32F4xx/Include -I../Drivers/CMSIS/Include -O0 -ffunction-sections -fdata-sections -Wall -fstack-usage -fcyclomatic-complexity -MMD -MP -MF"Core/Src/main.d" -MT"Core/Src/main.o" --specs=nano.specs -mfpu=fpv4-sp-d16 -mfloat-abi=hard -mthumb -o "Core/Src/main.o"
arm-none-eabi-gcc -o "trafikljus.elf" @"objects.list"   -mcpu=cortex-m4 -T"D:\JU\Microdata_Technology\Mikrodatateknik_HT2023\labs\lab2\trafikljus\STM32F411RETX_FLASH.ld" --specs=nosys.specs -Wl,-Map="trafikljus.map" -Wl,--gc-sections -static --specs=nano.specs -mfpu=fpv4-sp-d16 -mfloat-abi=hard -mthumb -Wl,--start-group -lc -lm -Wl,--end-group
Finished building target: trafikljus.elf
 
arm-none-eabi-size   trafikljus.elf 
arm-none-eabi-objdump -h -S  trafikljus.elf  > "trafikljus.list"
   text	   data	    bss	    dec	    hex	filename
   9144	     20	   1668	  10832	   2a50	trafikljus.elf
Finished building: default.size.stdout
 
Finished building: trafikljus.list
 
23:34:00 **** Incremental Build of configuration Debug for project trafikljus ****
make -j8 all 
arm-none-eabi-gcc "../Core/Src/main.c" -mcpu=cortex-m4 -std=gnu11 -g3 -DDEBUG -DUSE_HAL_DRIVER -DSTM32F411xE -c -I../Core/Inc -I../Drivers/STM32F4xx_HAL_Driver/Inc -I../Drivers/STM32F4xx_HAL_Driver/Inc/Legacy -I../Drivers/CMSIS/Device/ST/STM32F4xx/Include -I../Drivers/CMSIS/Include -O0 -ffunction-sections -fdata-sections -Wall -fstack-usage -fcyclomatic-complexity -MMD -MP -MF"Core/Src/main.d" -MT"Core/Src/main.o" --specs=nano.specs -mfpu=fpv4-sp-d16 -mfloat-abi=hard -mthumb -o "Core/Src/main.o"
arm-none-eabi-gcc -o "trafikljus.elf" @"objects.list"   -mcpu=cortex-m4 -T"D:\JU\Microdata_Technology\Mikrodatateknik_HT2023\labs\lab2\trafikljus\STM32F411RETX_FLASH.ld" --specs=nosys.specs -Wl,-Map="trafikljus.map" -Wl,--gc-sections -static --specs=nano.specs -mfpu=fpv4-sp-d16 -mfloat-abi=hard -mthumb -Wl,--start-group -lc -lm -Wl,--end-group
Finished building target: trafikljus.elf
 
arm-none-eabi-size   trafikljus.elf 
arm-none-eabi-objdump -h -S  trafikljus.elf  > "trafikljus.list"
   text	   data	    bss	    dec	    hex	filename
   9148	     20	   1676	  10844	   2a5c	trafikljus.elf
Finished building: default.size.stdout
 
Finished building: trafikljus.list
 
23:48:15 **** Incremental Build of configuration Debug for project trafikljus ****
make -j8 all 
arm-none-eabi-gcc "../Core/Src/main.c" -mcpu=cortex-m4 -std=gnu11 -g3 -DDEBUG -DUSE_HAL_DRIVER -DSTM32F411xE -c -I../Core/Inc -I../Drivers/STM32F4xx_HAL_Driver/Inc -I../Drivers/STM32F4xx_HAL_Driver/Inc/Legacy -I../Drivers/CMSIS/Device/ST/STM32F4xx/Include -I../Drivers/CMSIS/Include -O0 -ffunction-sections -fdata-sections -Wall -fstack-usage -fcyclomatic-complexity -MMD -MP -MF"Core/Src/main.d" -MT"Core/Src/main.o" --specs=nano.specs -mfpu=fpv4-sp-d16 -mfloat-abi=hard -mthumb -o "Core/Src/main.o"
arm-none-eabi-gcc -o "trafikljus.elf" @"objects.list"   -mcpu=cortex-m4 -T"D:\JU\Microdata_Technology\Mikrodatateknik_HT2023\labs\lab2\trafikljus\STM32F411RETX_FLASH.ld" --specs=nosys.specs -Wl,-Map="trafikljus.map" -Wl,--gc-sections -static --specs=nano.specs -mfpu=fpv4-sp-d16 -mfloat-abi=hard -mthumb -Wl,--start-group -lc -lm -Wl,--end-group
Finished building target: trafikljus.elf
 
arm-none-eabi-size   trafikljus.elf 
arm-none-eabi-objdump -h -S  trafikljus.elf  > "trafikljus.list"
   text	   data	    bss	    dec	    hex	filename
   9108	     20	   1668	  10796	   2a2c	trafikljus.elf
Finished building: default.size.stdout
 
Finished building: trafikljus.list
 
23:50:10 **** Incremental Build of configuration Debug for project trafikljus ****
make -j8 all 
arm-none-eabi-gcc "../Core/Src/main.c" -mcpu=cortex-m4 -std=gnu11 -g3 -DDEBUG -DUSE_HAL_DRIVER -DSTM32F411xE -c -I../Core/Inc -I../Drivers/STM32F4xx_HAL_Driver/Inc -I../Drivers/STM32F4xx_HAL_Driver/Inc/Legacy -I../Drivers/CMSIS/Device/ST/STM32F4xx/Include -I../Drivers/CMSIS/Include -O0 -ffunction-sections -fdata-sections -Wall -fstack-usage -fcyclomatic-complexity -MMD -MP -MF"Core/Src/main.d" -MT"Core/Src/main.o" --specs=nano.specs -mfpu=fpv4-sp-d16 -mfloat-abi=hard -mthumb -o "Core/Src/main.o"
arm-none-eabi-gcc -o "trafikljus.elf" @"objects.list"   -mcpu=cortex-m4 -T"D:\JU\Microdata_Technology\Mikrodatateknik_HT2023\labs\lab2\trafikljus\STM32F411RETX_FLASH.ld" --specs=nosys.specs -Wl,-Map="trafikljus.map" -Wl,--gc-sections -static --specs=nano.specs -mfpu=fpv4-sp-d16 -mfloat-abi=hard -mthumb -Wl,--start-group -lc -lm -Wl,--end-group
Finished building target: trafikljus.elf
 
arm-none-eabi-size   trafikljus.elf 
arm-none-eabi-objdump -h -S  trafikljus.elf  > "trafikljus.list"
   text	   data	    bss	    dec	    hex	filename
   9120	     20	   1676	  10816	   2a40	trafikljus.elf
Finished building: default.size.stdout
 
Finished building: trafikljus.list
 
23:53:37 **** Incremental Build of configuration Debug for project trafikljus ****
make -j8 all 
arm-none-eabi-gcc "../Core/Src/main.c" -mcpu=cortex-m4 -std=gnu11 -g3 -DDEBUG -DUSE_HAL_DRIVER -DSTM32F411xE -c -I../Core/Inc -I../Drivers/STM32F4xx_HAL_Driver/Inc -I../Drivers/STM32F4xx_HAL_Driver/Inc/Legacy -I../Drivers/CMSIS/Device/ST/STM32F4xx/Include -I../Drivers/CMSIS/Include -O0 -ffunction-sections -fdata-sections -Wall -fstack-usage -fcyclomatic-complexity -MMD -MP -MF"Core/Src/main.d" -MT"Core/Src/main.o" --specs=nano.specs -mfpu=fpv4-sp-d16 -mfloat-abi=hard -mthumb -o "Core/Src/main.o"
arm-none-eabi-gcc -o "trafikljus.elf" @"objects.list"   -mcpu=cortex-m4 -T"D:\JU\Microdata_Technology\Mikrodatateknik_HT2023\labs\lab2\trafikljus\STM32F411RETX_FLASH.ld" --specs=nosys.specs -Wl,-Map="trafikljus.map" -Wl,--gc-sections -static --specs=nano.specs -mfpu=fpv4-sp-d16 -mfloat-abi=hard -mthumb -Wl,--start-group -lc -lm -Wl,--end-group
Finished building target: trafikljus.elf
 
arm-none-eabi-size   trafikljus.elf 
arm-none-eabi-objdump -h -S  trafikljus.elf  > "trafikljus.list"
   text	   data	    bss	    dec	    hex	filename
   9108	     20	   1668	  10796	   2a2c	trafikljus.elf
Finished building: default.size.stdout
 
Finished building: trafikljus.list
 
