16:59:50 **** Incremental Build of configuration Debug for project trafikljus ****
make -j8 all 
arm-none-eabi-gcc "../Core/Src/main.c" -mcpu=cortex-m4 -std=gnu11 -g3 -DDEBUG -DUSE_HAL_DRIVER -DSTM32F411xE -c -I../Core/Inc -I../Drivers/STM32F4xx_HAL_Driver/Inc -I../Drivers/STM32F4xx_HAL_Driver/Inc/Legacy -I../Drivers/CMSIS/Device/ST/STM32F4xx/Include -I../Drivers/CMSIS/Include -O0 -ffunction-sections -fdata-sections -Wall -fstack-usage -fcyclomatic-complexity -MMD -MP -MF"Core/Src/main.d" -MT"Core/Src/main.o" --specs=nano.specs -mfpu=fpv4-sp-d16 -mfloat-abi=hard -mthumb -o "Core/Src/main.o"
../Core/Src/main.c: In function 'main':
../Core/Src/main.c:215:16: warning: unused variable 'ev' [-Wunused-variable]
  215 |     enum event ev = ev_none;
      |                ^~
arm-none-eabi-gcc -o "trafikljus.elf" @"objects.list"   -mcpu=cortex-m4 -T"D:\JU\Microdata_Technology\Mikrodatateknik_HT2023\labs\lab2\trafikljus\STM32F411RETX_FLASH.ld" --specs=nosys.specs -Wl,-Map="trafikljus.map" -Wl,--gc-sections -static --specs=nano.specs -mfpu=fpv4-sp-d16 -mfloat-abi=hard -mthumb -Wl,--start-group -lc -lm -Wl,--end-group
Finished building target: trafikljus.elf
 
arm-none-eabi-size   trafikljus.elf 
arm-none-eabi-objdump -h -S  trafikljus.elf  > "trafikljus.list"
   text	   data	    bss	    dec	    hex	filename
   8424	     20	   1636	  10080	   2760	trafikljus.elf
Finished building: default.size.stdout
 
Finished building: trafikljus.list
 

16:59:50 Build Finished. 0 errors, 1 warnings. (took 501ms)

