10:20:07 **** Build of configuration Debug for project lcd_screen ****
make -j8 all 
arm-none-eabi-gcc "../Drivers/STM32F4xx_HAL_Driver/Src/stm32f4xx_hal.c" -mcpu=cortex-m4 -std=gnu11 -g3 -DDEBUG -DUSE_HAL_DRIVER -DSTM32F411xE -c -I../Core/Inc -I../Drivers/STM32F4xx_HAL_Driver/Inc -I../Drivers/STM32F4xx_HAL_Driver/Inc/Legacy -I../Drivers/CMSIS/Device/ST/STM32F4xx/Include -I../Drivers/CMSIS/Include -O0 -ffunction-sections -fdata-sections -Wall -fstack-usage -fcyclomatic-complexity -MMD -MP -MF"Drivers/STM32F4xx_HAL_Driver/Src/stm32f4xx_hal.d" -MT"Drivers/STM32F4xx_HAL_Driver/Src/stm32f4xx_hal.o" --specs=nano.specs -mfpu=fpv4-sp-d16 -mfloat-abi=hard -mthumb -o "Drivers/STM32F4xx_HAL_Driver/Src/stm32f4xx_hal.o"
arm-none-eabi-gcc "../Drivers/STM32F4xx_HAL_Driver/Src/stm32f4xx_hal_cortex.c" -mcpu=cortex-m4 -std=gnu11 -g3 -DDEBUG -DUSE_HAL_DRIVER -DSTM32F411xE -c -I../Core/Inc -I../Drivers/STM32F4xx_HAL_Driver/Inc -I../Drivers/STM32F4xx_HAL_Driver/Inc/Legacy -I../Drivers/CMSIS/Device/ST/STM32F4xx/Include -I../Drivers/CMSIS/Include -O0 -ffunction-sections -fdata-sections -Wall -fstack-usage -fcyclomatic-complexity -MMD -MP -MF"Drivers/STM32F4xx_HAL_Driver/Src/stm32f4xx_hal_cortex.d" -MT"Drivers/STM32F4xx_HAL_Driver/Src/stm32f4xx_hal_cortex.o" --specs=nano.specs -mfpu=fpv4-sp-d16 -mfloat-abi=hard -mthumb -o "Drivers/STM32F4xx_HAL_Driver/Src/stm32f4xx_hal_cortex.o"
arm-none-eabi-gcc "../Drivers/STM32F4xx_HAL_Driver/Src/stm32f4xx_hal_dma.c" -mcpu=cortex-m4 -std=gnu11 -g3 -DDEBUG -DUSE_HAL_DRIVER -DSTM32F411xE -c -I../Core/Inc -I../Drivers/STM32F4xx_HAL_Driver/Inc -I../Drivers/STM32F4xx_HAL_Driver/Inc/Legacy -I../Drivers/CMSIS/Device/ST/STM32F4xx/Include -I../Drivers/CMSIS/Include -O0 -ffunction-sections -fdata-sections -Wall -fstack-usage -fcyclomatic-complexity -MMD -MP -MF"Drivers/STM32F4xx_HAL_Driver/Src/stm32f4xx_hal_dma.d" -MT"Drivers/STM32F4xx_HAL_Driver/Src/stm32f4xx_hal_dma.o" --specs=nano.specs -mfpu=fpv4-sp-d16 -mfloat-abi=hard -mthumb -o "Drivers/STM32F4xx_HAL_Driver/Src/stm32f4xx_hal_dma.o"
arm-none-eabi-gcc "../Drivers/STM32F4xx_HAL_Driver/Src/stm32f4xx_hal_dma_ex.c" -mcpu=cortex-m4 -std=gnu11 -g3 -DDEBUG -DUSE_HAL_DRIVER -DSTM32F411xE -c -I../Core/Inc -I../Drivers/STM32F4xx_HAL_Driver/Inc -I../Drivers/STM32F4xx_HAL_Driver/Inc/Legacy -I../Drivers/CMSIS/Device/ST/STM32F4xx/Include -I../Drivers/CMSIS/Include -O0 -ffunction-sections -fdata-sections -Wall -fstack-usage -fcyclomatic-complexity -MMD -MP -MF"Drivers/STM32F4xx_HAL_Driver/Src/stm32f4xx_hal_dma_ex.d" -MT"Drivers/STM32F4xx_HAL_Driver/Src/stm32f4xx_hal_dma_ex.o" --specs=nano.specs -mfpu=fpv4-sp-d16 -mfloat-abi=hard -mthumb -o "Drivers/STM32F4xx_HAL_Driver/Src/stm32f4xx_hal_dma_ex.o"
arm-none-eabi-gcc "../Drivers/STM32F4xx_HAL_Driver/Src/stm32f4xx_hal_exti.c" -mcpu=cortex-m4 -std=gnu11 -g3 -DDEBUG -DUSE_HAL_DRIVER -DSTM32F411xE -c -I../Core/Inc -I../Drivers/STM32F4xx_HAL_Driver/Inc -I../Drivers/STM32F4xx_HAL_Driver/Inc/Legacy -I../Drivers/CMSIS/Device/ST/STM32F4xx/Include -I../Drivers/CMSIS/Include -O0 -ffunction-sections -fdata-sections -Wall -fstack-usage -fcyclomatic-complexity -MMD -MP -MF"Drivers/STM32F4xx_HAL_Driver/Src/stm32f4xx_hal_exti.d" -MT"Drivers/STM32F4xx_HAL_Driver/Src/stm32f4xx_hal_exti.o" --specs=nano.specs -mfpu=fpv4-sp-d16 -mfloat-abi=hard -mthumb -o "Drivers/STM32F4xx_HAL_Driver/Src/stm32f4xx_hal_exti.o"
arm-none-eabi-gcc "../Drivers/STM32F4xx_HAL_Driver/Src/stm32f4xx_hal_flash.c" -mcpu=cortex-m4 -std=gnu11 -g3 -DDEBUG -DUSE_HAL_DRIVER -DSTM32F411xE -c -I../Core/Inc -I../Drivers/STM32F4xx_HAL_Driver/Inc -I../Drivers/STM32F4xx_HAL_Driver/Inc/Legacy -I../Drivers/CMSIS/Device/ST/STM32F4xx/Include -I../Drivers/CMSIS/Include -O0 -ffunction-sections -fdata-sections -Wall -fstack-usage -fcyclomatic-complexity -MMD -MP -MF"Drivers/STM32F4xx_HAL_Driver/Src/stm32f4xx_hal_flash.d" -MT"Drivers/STM32F4xx_HAL_Driver/Src/stm32f4xx_hal_flash.o" --specs=nano.specs -mfpu=fpv4-sp-d16 -mfloat-abi=hard -mthumb -o "Drivers/STM32F4xx_HAL_Driver/Src/stm32f4xx_hal_flash.o"
arm-none-eabi-gcc "../Drivers/STM32F4xx_HAL_Driver/Src/stm32f4xx_hal_flash_ex.c" -mcpu=cortex-m4 -std=gnu11 -g3 -DDEBUG -DUSE_HAL_DRIVER -DSTM32F411xE -c -I../Core/Inc -I../Drivers/STM32F4xx_HAL_Driver/Inc -I../Drivers/STM32F4xx_HAL_Driver/Inc/Legacy -I../Drivers/CMSIS/Device/ST/STM32F4xx/Include -I../Drivers/CMSIS/Include -O0 -ffunction-sections -fdata-sections -Wall -fstack-usage -fcyclomatic-complexity -MMD -MP -MF"Drivers/STM32F4xx_HAL_Driver/Src/stm32f4xx_hal_flash_ex.d" -MT"Drivers/STM32F4xx_HAL_Driver/Src/stm32f4xx_hal_flash_ex.o" --specs=nano.specs -mfpu=fpv4-sp-d16 -mfloat-abi=hard -mthumb -o "Drivers/STM32F4xx_HAL_Driver/Src/stm32f4xx_hal_flash_ex.o"
arm-none-eabi-gcc "../Drivers/STM32F4xx_HAL_Driver/Src/stm32f4xx_hal_flash_ramfunc.c" -mcpu=cortex-m4 -std=gnu11 -g3 -DDEBUG -DUSE_HAL_DRIVER -DSTM32F411xE -c -I../Core/Inc -I../Drivers/STM32F4xx_HAL_Driver/Inc -I../Drivers/STM32F4xx_HAL_Driver/Inc/Legacy -I../Drivers/CMSIS/Device/ST/STM32F4xx/Include -I../Drivers/CMSIS/Include -O0 -ffunction-sections -fdata-sections -Wall -fstack-usage -fcyclomatic-complexity -MMD -MP -MF"Drivers/STM32F4xx_HAL_Driver/Src/stm32f4xx_hal_flash_ramfunc.d" -MT"Drivers/STM32F4xx_HAL_Driver/Src/stm32f4xx_hal_flash_ramfunc.o" --specs=nano.specs -mfpu=fpv4-sp-d16 -mfloat-abi=hard -mthumb -o "Drivers/STM32F4xx_HAL_Driver/Src/stm32f4xx_hal_flash_ramfunc.o"
arm-none-eabi-gcc "../Drivers/STM32F4xx_HAL_Driver/Src/stm32f4xx_hal_gpio.c" -mcpu=cortex-m4 -std=gnu11 -g3 -DDEBUG -DUSE_HAL_DRIVER -DSTM32F411xE -c -I../Core/Inc -I../Drivers/STM32F4xx_HAL_Driver/Inc -I../Drivers/STM32F4xx_HAL_Driver/Inc/Legacy -I../Drivers/CMSIS/Device/ST/STM32F4xx/Include -I../Drivers/CMSIS/Include -O0 -ffunction-sections -fdata-sections -Wall -fstack-usage -fcyclomatic-complexity -MMD -MP -MF"Drivers/STM32F4xx_HAL_Driver/Src/stm32f4xx_hal_gpio.d" -MT"Drivers/STM32F4xx_HAL_Driver/Src/stm32f4xx_hal_gpio.o" --specs=nano.specs -mfpu=fpv4-sp-d16 -mfloat-abi=hard -mthumb -o "Drivers/STM32F4xx_HAL_Driver/Src/stm32f4xx_hal_gpio.o"
arm-none-eabi-gcc "../Drivers/STM32F4xx_HAL_Driver/Src/stm32f4xx_hal_pwr.c" -mcpu=cortex-m4 -std=gnu11 -g3 -DDEBUG -DUSE_HAL_DRIVER -DSTM32F411xE -c -I../Core/Inc -I../Drivers/STM32F4xx_HAL_Driver/Inc -I../Drivers/STM32F4xx_HAL_Driver/Inc/Legacy -I../Drivers/CMSIS/Device/ST/STM32F4xx/Include -I../Drivers/CMSIS/Include -O0 -ffunction-sections -fdata-sections -Wall -fstack-usage -fcyclomatic-complexity -MMD -MP -MF"Drivers/STM32F4xx_HAL_Driver/Src/stm32f4xx_hal_pwr.d" -MT"Drivers/STM32F4xx_HAL_Driver/Src/stm32f4xx_hal_pwr.o" --specs=nano.specs -mfpu=fpv4-sp-d16 -mfloat-abi=hard -mthumb -o "Drivers/STM32F4xx_HAL_Driver/Src/stm32f4xx_hal_pwr.o"
arm-none-eabi-gcc "../Drivers/STM32F4xx_HAL_Driver/Src/stm32f4xx_hal_pwr_ex.c" -mcpu=cortex-m4 -std=gnu11 -g3 -DDEBUG -DUSE_HAL_DRIVER -DSTM32F411xE -c -I../Core/Inc -I../Drivers/STM32F4xx_HAL_Driver/Inc -I../Drivers/STM32F4xx_HAL_Driver/Inc/Legacy -I../Drivers/CMSIS/Device/ST/STM32F4xx/Include -I../Drivers/CMSIS/Include -O0 -ffunction-sections -fdata-sections -Wall -fstack-usage -fcyclomatic-complexity -MMD -MP -MF"Drivers/STM32F4xx_HAL_Driver/Src/stm32f4xx_hal_pwr_ex.d" -MT"Drivers/STM32F4xx_HAL_Driver/Src/stm32f4xx_hal_pwr_ex.o" --specs=nano.specs -mfpu=fpv4-sp-d16 -mfloat-abi=hard -mthumb -o "Drivers/STM32F4xx_HAL_Driver/Src/stm32f4xx_hal_pwr_ex.o"
arm-none-eabi-gcc "../Drivers/STM32F4xx_HAL_Driver/Src/stm32f4xx_hal_rcc.c" -mcpu=cortex-m4 -std=gnu11 -g3 -DDEBUG -DUSE_HAL_DRIVER -DSTM32F411xE -c -I../Core/Inc -I../Drivers/STM32F4xx_HAL_Driver/Inc -I../Drivers/STM32F4xx_HAL_Driver/Inc/Legacy -I../Drivers/CMSIS/Device/ST/STM32F4xx/Include -I../Drivers/CMSIS/Include -O0 -ffunction-sections -fdata-sections -Wall -fstack-usage -fcyclomatic-complexity -MMD -MP -MF"Drivers/STM32F4xx_HAL_Driver/Src/stm32f4xx_hal_rcc.d" -MT"Drivers/STM32F4xx_HAL_Driver/Src/stm32f4xx_hal_rcc.o" --specs=nano.specs -mfpu=fpv4-sp-d16 -mfloat-abi=hard -mthumb -o "Drivers/STM32F4xx_HAL_Driver/Src/stm32f4xx_hal_rcc.o"
arm-none-eabi-gcc "../Drivers/STM32F4xx_HAL_Driver/Src/stm32f4xx_hal_rcc_ex.c" -mcpu=cortex-m4 -std=gnu11 -g3 -DDEBUG -DUSE_HAL_DRIVER -DSTM32F411xE -c -I../Core/Inc -I../Drivers/STM32F4xx_HAL_Driver/Inc -I../Drivers/STM32F4xx_HAL_Driver/Inc/Legacy -I../Drivers/CMSIS/Device/ST/STM32F4xx/Include -I../Drivers/CMSIS/Include -O0 -ffunction-sections -fdata-sections -Wall -fstack-usage -fcyclomatic-complexity -MMD -MP -MF"Drivers/STM32F4xx_HAL_Driver/Src/stm32f4xx_hal_rcc_ex.d" -MT"Drivers/STM32F4xx_HAL_Driver/Src/stm32f4xx_hal_rcc_ex.o" --specs=nano.specs -mfpu=fpv4-sp-d16 -mfloat-abi=hard -mthumb -o "Drivers/STM32F4xx_HAL_Driver/Src/stm32f4xx_hal_rcc_ex.o"
arm-none-eabi-gcc "../Drivers/STM32F4xx_HAL_Driver/Src/stm32f4xx_hal_tim.c" -mcpu=cortex-m4 -std=gnu11 -g3 -DDEBUG -DUSE_HAL_DRIVER -DSTM32F411xE -c -I../Core/Inc -I../Drivers/STM32F4xx_HAL_Driver/Inc -I../Drivers/STM32F4xx_HAL_Driver/Inc/Legacy -I../Drivers/CMSIS/Device/ST/STM32F4xx/Include -I../Drivers/CMSIS/Include -O0 -ffunction-sections -fdata-sections -Wall -fstack-usage -fcyclomatic-complexity -MMD -MP -MF"Drivers/STM32F4xx_HAL_Driver/Src/stm32f4xx_hal_tim.d" -MT"Drivers/STM32F4xx_HAL_Driver/Src/stm32f4xx_hal_tim.o" --specs=nano.specs -mfpu=fpv4-sp-d16 -mfloat-abi=hard -mthumb -o "Drivers/STM32F4xx_HAL_Driver/Src/stm32f4xx_hal_tim.o"
arm-none-eabi-gcc "../Drivers/STM32F4xx_HAL_Driver/Src/stm32f4xx_hal_tim_ex.c" -mcpu=cortex-m4 -std=gnu11 -g3 -DDEBUG -DUSE_HAL_DRIVER -DSTM32F411xE -c -I../Core/Inc -I../Drivers/STM32F4xx_HAL_Driver/Inc -I../Drivers/STM32F4xx_HAL_Driver/Inc/Legacy -I../Drivers/CMSIS/Device/ST/STM32F4xx/Include -I../Drivers/CMSIS/Include -O0 -ffunction-sections -fdata-sections -Wall -fstack-usage -fcyclomatic-complexity -MMD -MP -MF"Drivers/STM32F4xx_HAL_Driver/Src/stm32f4xx_hal_tim_ex.d" -MT"Drivers/STM32F4xx_HAL_Driver/Src/stm32f4xx_hal_tim_ex.o" --specs=nano.specs -mfpu=fpv4-sp-d16 -mfloat-abi=hard -mthumb -o "Drivers/STM32F4xx_HAL_Driver/Src/stm32f4xx_hal_tim_ex.o"
arm-none-eabi-gcc "../Drivers/STM32F4xx_HAL_Driver/Src/stm32f4xx_hal_uart.c" -mcpu=cortex-m4 -std=gnu11 -g3 -DDEBUG -DUSE_HAL_DRIVER -DSTM32F411xE -c -I../Core/Inc -I../Drivers/STM32F4xx_HAL_Driver/Inc -I../Drivers/STM32F4xx_HAL_Driver/Inc/Legacy -I../Drivers/CMSIS/Device/ST/STM32F4xx/Include -I../Drivers/CMSIS/Include -O0 -ffunction-sections -fdata-sections -Wall -fstack-usage -fcyclomatic-complexity -MMD -MP -MF"Drivers/STM32F4xx_HAL_Driver/Src/stm32f4xx_hal_uart.d" -MT"Drivers/STM32F4xx_HAL_Driver/Src/stm32f4xx_hal_uart.o" --specs=nano.specs -mfpu=fpv4-sp-d16 -mfloat-abi=hard -mthumb -o "Drivers/STM32F4xx_HAL_Driver/Src/stm32f4xx_hal_uart.o"
arm-none-eabi-gcc -mcpu=cortex-m4 -g3 -DDEBUG -c -x assembler-with-cpp -MMD -MP -MF"Core/Startup/startup_stm32f411retx.d" -MT"Core/Startup/startup_stm32f411retx.o" --specs=nano.specs -mfpu=fpv4-sp-d16 -mfloat-abi=hard -mthumb -o "Core/Startup/startup_stm32f411retx.o" "../Core/Startup/startup_stm32f411retx.s"
arm-none-eabi-gcc "../Core/Src/main.c" -mcpu=cortex-m4 -std=gnu11 -g3 -DDEBUG -DUSE_HAL_DRIVER -DSTM32F411xE -c -I../Core/Inc -I../Drivers/STM32F4xx_HAL_Driver/Inc -I../Drivers/STM32F4xx_HAL_Driver/Inc/Legacy -I../Drivers/CMSIS/Device/ST/STM32F4xx/Include -I../Drivers/CMSIS/Include -O0 -ffunction-sections -fdata-sections -Wall -fstack-usage -fcyclomatic-complexity -MMD -MP -MF"Core/Src/main.d" -MT"Core/Src/main.o" --specs=nano.specs -mfpu=fpv4-sp-d16 -mfloat-abi=hard -mthumb -o "Core/Src/main.o"
arm-none-eabi-gcc "../Core/Src/stm32f4xx_hal_msp.c" -mcpu=cortex-m4 -std=gnu11 -g3 -DDEBUG -DUSE_HAL_DRIVER -DSTM32F411xE -c -I../Core/Inc -I../Drivers/STM32F4xx_HAL_Driver/Inc -I../Drivers/STM32F4xx_HAL_Driver/Inc/Legacy -I../Drivers/CMSIS/Device/ST/STM32F4xx/Include -I../Drivers/CMSIS/Include -O0 -ffunction-sections -fdata-sections -Wall -fstack-usage -fcyclomatic-complexity -MMD -MP -MF"Core/Src/stm32f4xx_hal_msp.d" -MT"Core/Src/stm32f4xx_hal_msp.o" --specs=nano.specs -mfpu=fpv4-sp-d16 -mfloat-abi=hard -mthumb -o "Core/Src/stm32f4xx_hal_msp.o"
arm-none-eabi-gcc "../Core/Src/stm32f4xx_it.c" -mcpu=cortex-m4 -std=gnu11 -g3 -DDEBUG -DUSE_HAL_DRIVER -DSTM32F411xE -c -I../Core/Inc -I../Drivers/STM32F4xx_HAL_Driver/Inc -I../Drivers/STM32F4xx_HAL_Driver/Inc/Legacy -I../Drivers/CMSIS/Device/ST/STM32F4xx/Include -I../Drivers/CMSIS/Include -O0 -ffunction-sections -fdata-sections -Wall -fstack-usage -fcyclomatic-complexity -MMD -MP -MF"Core/Src/stm32f4xx_it.d" -MT"Core/Src/stm32f4xx_it.o" --specs=nano.specs -mfpu=fpv4-sp-d16 -mfloat-abi=hard -mthumb -o "Core/Src/stm32f4xx_it.o"
arm-none-eabi-gcc "../Core/Src/syscalls.c" -mcpu=cortex-m4 -std=gnu11 -g3 -DDEBUG -DUSE_HAL_DRIVER -DSTM32F411xE -c -I../Core/Inc -I../Drivers/STM32F4xx_HAL_Driver/Inc -I../Drivers/STM32F4xx_HAL_Driver/Inc/Legacy -I../Drivers/CMSIS/Device/ST/STM32F4xx/Include -I../Drivers/CMSIS/Include -O0 -ffunction-sections -fdata-sections -Wall -fstack-usage -fcyclomatic-complexity -MMD -MP -MF"Core/Src/syscalls.d" -MT"Core/Src/syscalls.o" --specs=nano.specs -mfpu=fpv4-sp-d16 -mfloat-abi=hard -mthumb -o "Core/Src/syscalls.o"
arm-none-eabi-gcc "../Core/Src/sysmem.c" -mcpu=cortex-m4 -std=gnu11 -g3 -DDEBUG -DUSE_HAL_DRIVER -DSTM32F411xE -c -I../Core/Inc -I../Drivers/STM32F4xx_HAL_Driver/Inc -I../Drivers/STM32F4xx_HAL_Driver/Inc/Legacy -I../Drivers/CMSIS/Device/ST/STM32F4xx/Include -I../Drivers/CMSIS/Include -O0 -ffunction-sections -fdata-sections -Wall -fstack-usage -fcyclomatic-complexity -MMD -MP -MF"Core/Src/sysmem.d" -MT"Core/Src/sysmem.o" --specs=nano.specs -mfpu=fpv4-sp-d16 -mfloat-abi=hard -mthumb -o "Core/Src/sysmem.o"
../Core/Src/main.c: In function 'uart_print_cd':
../Core/Src/main.c:77:5: warning: implicit declaration of function 'sprintf' [-Wimplicit-function-declaration]
   77 |     sprintf(buffer, "%02d:%02d:%02d", pcd->hours, pcd->minutes, pcd->seconds);
      |     ^~~~~~~
../Core/Src/main.c:21:1: note: include '<stdio.h>' or provide a declaration of 'sprintf'
   20 | #include "main.h"
  +++ |+#include <stdio.h>
   21 | 
../Core/Src/main.c:77:5: warning: incompatible implicit declaration of built-in function 'sprintf' [-Wbuiltin-declaration-mismatch]
   77 |     sprintf(buffer, "%02d:%02d:%02d", pcd->hours, pcd->minutes, pcd->seconds);
      |     ^~~~~~~
../Core/Src/main.c:77:5: note: include '<stdio.h>' or provide a declaration of 'sprintf'
../Core/Src/main.c:77:44: error: 'struct clock_data' has no member named 'hours'; did you mean 'hrs'?
   77 |     sprintf(buffer, "%02d:%02d:%02d", pcd->hours, pcd->minutes, pcd->seconds);
      |                                            ^~~~~
      |                                            hrs
../Core/Src/main.c:77:54: error: 'struct clock_data' has no member named 'minutes'
   77 |     sprintf(buffer, "%02d:%02d:%02d", pcd->hours, pcd->minutes, pcd->seconds);
      |                                                      ^~
../Core/Src/main.c:77:68: error: 'struct clock_data' has no member named 'seconds'
   77 |     sprintf(buffer, "%02d:%02d:%02d", pcd->hours, pcd->minutes, pcd->seconds);
      |                                                                    ^~
../Core/Src/main.c:80:49: warning: implicit declaration of function 'strlen' [-Wimplicit-function-declaration]
   80 |     HAL_UART_Transmit(huart, (uint8_t *)buffer, strlen(buffer), HAL_MAX_DELAY);
      |                                                 ^~~~~~
../Core/Src/main.c:21:1: note: include '<string.h>' or provide a declaration of 'strlen'
   20 | #include "main.h"
  +++ |+#include <string.h>
   21 | 
../Core/Src/main.c:80:49: warning: incompatible implicit declaration of built-in function 'strlen' [-Wbuiltin-declaration-mismatch]
   80 |     HAL_UART_Transmit(huart, (uint8_t *)buffer, strlen(buffer), HAL_MAX_DELAY);
      |                                                 ^~~~~~
../Core/Src/main.c:80:49: note: include '<string.h>' or provide a declaration of 'strlen'
../Core/Src/main.c: In function 'cd_set':
../Core/Src/main.c:88:14: error: 'struct clock_data' has no member named 'hours'; did you mean 'hrs'?
   88 |         pcd->hours = hrs;
      |              ^~~~~
      |              hrs
../Core/Src/main.c:89:12: error: 'struct clock_data' has no member named 'minutes'
   89 |         pcd->minutes = min;
      |            ^~
../Core/Src/main.c:90:12: error: 'struct clock_data' has no member named 'seconds'
   90 |         pcd->seconds = sec;
      |            ^~
../Core/Src/main.c: In function 'cd_tick':
../Core/Src/main.c:99:12: error: 'struct clock_data' has no member named 'seconds'
   99 |         pcd->seconds++; // Öka sekunder med 1
      |            ^~
../Core/Src/main.c:101:16: error: 'struct clock_data' has no member named 'seconds'
  101 |         if (pcd->seconds >= 60)
      |                ^~
../Core/Src/main.c:103:16: error: 'struct clock_data' has no member named 'seconds'
  103 |             pcd->seconds = 0; // Återställ sekunder om det är 60 eller mer
      |                ^~
../Core/Src/main.c:104:16: error: 'struct clock_data' has no member named 'minutes'
  104 |             pcd->minutes++;   // Öka minuter med 1
      |                ^~
../Core/Src/main.c:106:20: error: 'struct clock_data' has no member named 'minutes'
  106 |             if (pcd->minutes >= 60)
      |                    ^~
../Core/Src/main.c:108:20: error: 'struct clock_data' has no member named 'minutes'
  108 |                 pcd->minutes = 0; // Återställ minuter om det är 60 eller mer
      |                    ^~
../Core/Src/main.c:109:22: error: 'struct clock_data' has no member named 'hours'; did you mean 'hrs'?
  109 |                 pcd->hours++;     // Öka timmar med 1
      |                      ^~~~~
      |                      hrs
../Core/Src/main.c:111:26: error: 'struct clock_data' has no member named 'hours'; did you mean 'hrs'?
  111 |                 if (pcd->hours >= 24)
      |                          ^~~~~
      |                          hrs
../Core/Src/main.c:113:26: error: 'struct clock_data' has no member named 'hours'; did you mean 'hrs'?
  113 |                     pcd->hours = 0; // Återställ timmar om det är 24 eller mer
      |                          ^~~~~
      |                          hrs
make: *** [Core/Src/subdir.mk:34: Core/Src/main.o] Error 1
make: *** Waiting for unfinished jobs....
"make -j8 all" terminated with exit code 2. Build might be incomplete.
10:21:17 **** Incremental Build of configuration Debug for project lcd_screen ****
make -j8 all 
arm-none-eabi-gcc "../Core/Src/main.c" -mcpu=cortex-m4 -std=gnu11 -g3 -DDEBUG -DUSE_HAL_DRIVER -DSTM32F411xE -c -I../Core/Inc -I../Drivers/STM32F4xx_HAL_Driver/Inc -I../Drivers/STM32F4xx_HAL_Driver/Inc/Legacy -I../Drivers/CMSIS/Device/ST/STM32F4xx/Include -I../Drivers/CMSIS/Include -O0 -ffunction-sections -fdata-sections -Wall -fstack-usage -fcyclomatic-complexity -MMD -MP -MF"Core/Src/main.d" -MT"Core/Src/main.o" --specs=nano.specs -mfpu=fpv4-sp-d16 -mfloat-abi=hard -mthumb -o "Core/Src/main.o"
arm-none-eabi-gcc "../Core/Src/system_stm32f4xx.c" -mcpu=cortex-m4 -std=gnu11 -g3 -DDEBUG -DUSE_HAL_DRIVER -DSTM32F411xE -c -I../Core/Inc -I../Drivers/STM32F4xx_HAL_Driver/Inc -I../Drivers/STM32F4xx_HAL_Driver/Inc/Legacy -I../Drivers/CMSIS/Device/ST/STM32F4xx/Include -I../Drivers/CMSIS/Include -O0 -ffunction-sections -fdata-sections -Wall -fstack-usage -fcyclomatic-complexity -MMD -MP -MF"Core/Src/system_stm32f4xx.d" -MT"Core/Src/system_stm32f4xx.o" --specs=nano.specs -mfpu=fpv4-sp-d16 -mfloat-abi=hard -mthumb -o "Core/Src/system_stm32f4xx.o"
../Core/Src/main.c: In function 'uart_print_cd':
../Core/Src/main.c:77:5: warning: implicit declaration of function 'sprintf' [-Wimplicit-function-declaration]
   77 |     sprintf(buffer, "%02d:%02d:%02d", pcd->hours, pcd->minutes, pcd->seconds);
      |     ^~~~~~~
../Core/Src/main.c:21:1: note: include '<stdio.h>' or provide a declaration of 'sprintf'
   20 | #include "main.h"
  +++ |+#include <stdio.h>
   21 | 
../Core/Src/main.c:77:5: warning: incompatible implicit declaration of built-in function 'sprintf' [-Wbuiltin-declaration-mismatch]
   77 |     sprintf(buffer, "%02d:%02d:%02d", pcd->hours, pcd->minutes, pcd->seconds);
      |     ^~~~~~~
../Core/Src/main.c:77:5: note: include '<stdio.h>' or provide a declaration of 'sprintf'
../Core/Src/main.c:80:49: warning: implicit declaration of function 'strlen' [-Wimplicit-function-declaration]
   80 |     HAL_UART_Transmit(huart, (uint8_t *)buffer, strlen(buffer), HAL_MAX_DELAY);
      |                                                 ^~~~~~
../Core/Src/main.c:21:1: note: include '<string.h>' or provide a declaration of 'strlen'
   20 | #include "main.h"
  +++ |+#include <string.h>
   21 | 
../Core/Src/main.c:80:49: warning: incompatible implicit declaration of built-in function 'strlen' [-Wbuiltin-declaration-mismatch]
   80 |     HAL_UART_Transmit(huart, (uint8_t *)buffer, strlen(buffer), HAL_MAX_DELAY);
      |                                                 ^~~~~~
../Core/Src/main.c:80:49: note: include '<string.h>' or provide a declaration of 'strlen'
../Core/Src/main.c:77:36: warning: 'sprintf' writing a terminating nul past the end of the destination [-Wformat-overflow=]
   77 |     sprintf(buffer, "%02d:%02d:%02d", pcd->hours, pcd->minutes, pcd->seconds);
      |                                    ^
../Core/Src/main.c:77:5: note: 'sprintf' output between 9 and 12 bytes into a destination of size 8
   77 |     sprintf(buffer, "%02d:%02d:%02d", pcd->hours, pcd->minutes, pcd->seconds);
      |     ^~~~~~~~~~~~~~~~~~~~~~~~~~~~~~~~~~~~~~~~~~~~~~~~~~~~~~~~~~~~~~~~~~~~~~~~~
arm-none-eabi-gcc -o "lcd_screen.elf" @"objects.list"   -mcpu=cortex-m4 -T"D:\JU\Microdata_Technology\Mikrodatateknik_HT2023\labs\lab4\lcd_screen\STM32F411RETX_FLASH.ld" --specs=nosys.specs -Wl,-Map="lcd_screen.map" -Wl,--gc-sections -static --specs=nano.specs -mfpu=fpv4-sp-d16 -mfloat-abi=hard -mthumb -Wl,--start-group -lc -lm -Wl,--end-group
Finished building target: lcd_screen.elf
 
arm-none-eabi-size   lcd_screen.elf 
arm-none-eabi-objdump -h -S  lcd_screen.elf  > "lcd_screen.list"
   text	   data	    bss	    dec	    hex	filename
  12616	    100	   2044	  14760	   39a8	lcd_screen.elf
Finished building: default.size.stdout
 
Finished building: lcd_screen.list
 
10:22:29 **** Incremental Build of configuration Debug for project lcd_screen ****
make -j8 all 
arm-none-eabi-size   lcd_screen.elf 
   text	   data	    bss	    dec	    hex	filename
  12616	    100	   2044	  14760	   39a8	lcd_screen.elf
Finished building: default.size.stdout
 
10:26:51 **** Incremental Build of configuration Debug for project lcd_screen ****
make -j8 all 
arm-none-eabi-gcc "../Core/Src/main.c" -mcpu=cortex-m4 -std=gnu11 -g3 -DDEBUG -DUSE_HAL_DRIVER -DSTM32F411xE -c -I../Core/Inc -I../Drivers/STM32F4xx_HAL_Driver/Inc -I../Drivers/STM32F4xx_HAL_Driver/Inc/Legacy -I../Drivers/CMSIS/Device/ST/STM32F4xx/Include -I../Drivers/CMSIS/Include -O0 -ffunction-sections -fdata-sections -Wall -fstack-usage -fcyclomatic-complexity -MMD -MP -MF"Core/Src/main.d" -MT"Core/Src/main.o" --specs=nano.specs -mfpu=fpv4-sp-d16 -mfloat-abi=hard -mthumb -o "Core/Src/main.o"
../Core/Src/main.c: In function 'uart_print_cd':
../Core/Src/main.c:77:5: warning: implicit declaration of function 'sprintf' [-Wimplicit-function-declaration]
   77 |     sprintf(buffer, "%02d:%02d:%02d", pcd->hours, pcd->minutes, pcd->seconds);
      |     ^~~~~~~
../Core/Src/main.c:21:1: note: include '<stdio.h>' or provide a declaration of 'sprintf'
   20 | #include "main.h"
  +++ |+#include <stdio.h>
   21 | 
../Core/Src/main.c:77:5: warning: incompatible implicit declaration of built-in function 'sprintf' [-Wbuiltin-declaration-mismatch]
   77 |     sprintf(buffer, "%02d:%02d:%02d", pcd->hours, pcd->minutes, pcd->seconds);
      |     ^~~~~~~
../Core/Src/main.c:77:5: note: include '<stdio.h>' or provide a declaration of 'sprintf'
../Core/Src/main.c:80:49: warning: implicit declaration of function 'strlen' [-Wimplicit-function-declaration]
   80 |     HAL_UART_Transmit(huart, (uint8_t *)buffer, strlen(buffer), HAL_MAX_DELAY);
      |                                                 ^~~~~~
../Core/Src/main.c:21:1: note: include '<string.h>' or provide a declaration of 'strlen'
   20 | #include "main.h"
  +++ |+#include <string.h>
   21 | 
../Core/Src/main.c:80:49: warning: incompatible implicit declaration of built-in function 'strlen' [-Wbuiltin-declaration-mismatch]
   80 |     HAL_UART_Transmit(huart, (uint8_t *)buffer, strlen(buffer), HAL_MAX_DELAY);
      |                                                 ^~~~~~
../Core/Src/main.c:80:49: note: include '<string.h>' or provide a declaration of 'strlen'
../Core/Src/main.c: In function 'main':
../Core/Src/main.c:177:17: error: expected ';' before '}' token
  177 |     HAL_Delay(1)
      |                 ^
      |                 ;
......
  181 |   }
      |   ~              
../Core/Src/main.c: In function 'uart_print_cd':
../Core/Src/main.c:77:36: warning: 'sprintf' writing a terminating nul past the end of the destination [-Wformat-overflow=]
   77 |     sprintf(buffer, "%02d:%02d:%02d", pcd->hours, pcd->minutes, pcd->seconds);
      |                                    ^
../Core/Src/main.c:77:5: note: 'sprintf' output between 9 and 12 bytes into a destination of size 8
   77 |     sprintf(buffer, "%02d:%02d:%02d", pcd->hours, pcd->minutes, pcd->seconds);
      |     ^~~~~~~~~~~~~~~~~~~~~~~~~~~~~~~~~~~~~~~~~~~~~~~~~~~~~~~~~~~~~~~~~~~~~~~~~
make: *** [Core/Src/subdir.mk:34: Core/Src/main.o] Error 1
"make -j8 all" terminated with exit code 2. Build might be incomplete.
10:27:08 **** Incremental Build of configuration Debug for project lcd_screen ****
make -j8 all 
arm-none-eabi-gcc "../Core/Src/main.c" -mcpu=cortex-m4 -std=gnu11 -g3 -DDEBUG -DUSE_HAL_DRIVER -DSTM32F411xE -c -I../Core/Inc -I../Drivers/STM32F4xx_HAL_Driver/Inc -I../Drivers/STM32F4xx_HAL_Driver/Inc/Legacy -I../Drivers/CMSIS/Device/ST/STM32F4xx/Include -I../Drivers/CMSIS/Include -O0 -ffunction-sections -fdata-sections -Wall -fstack-usage -fcyclomatic-complexity -MMD -MP -MF"Core/Src/main.d" -MT"Core/Src/main.o" --specs=nano.specs -mfpu=fpv4-sp-d16 -mfloat-abi=hard -mthumb -o "Core/Src/main.o"
../Core/Src/main.c: In function 'uart_print_cd':
../Core/Src/main.c:77:5: warning: implicit declaration of function 'sprintf' [-Wimplicit-function-declaration]
   77 |     sprintf(buffer, "%02d:%02d:%02d", pcd->hours, pcd->minutes, pcd->seconds);
      |     ^~~~~~~
../Core/Src/main.c:21:1: note: include '<stdio.h>' or provide a declaration of 'sprintf'
   20 | #include "main.h"
  +++ |+#include <stdio.h>
   21 | 
../Core/Src/main.c:77:5: warning: incompatible implicit declaration of built-in function 'sprintf' [-Wbuiltin-declaration-mismatch]
   77 |     sprintf(buffer, "%02d:%02d:%02d", pcd->hours, pcd->minutes, pcd->seconds);
      |     ^~~~~~~
../Core/Src/main.c:77:5: note: include '<stdio.h>' or provide a declaration of 'sprintf'
../Core/Src/main.c:80:49: warning: implicit declaration of function 'strlen' [-Wimplicit-function-declaration]
   80 |     HAL_UART_Transmit(huart, (uint8_t *)buffer, strlen(buffer), HAL_MAX_DELAY);
      |                                                 ^~~~~~
../Core/Src/main.c:21:1: note: include '<string.h>' or provide a declaration of 'strlen'
   20 | #include "main.h"
  +++ |+#include <string.h>
   21 | 
../Core/Src/main.c:80:49: warning: incompatible implicit declaration of built-in function 'strlen' [-Wbuiltin-declaration-mismatch]
   80 |     HAL_UART_Transmit(huart, (uint8_t *)buffer, strlen(buffer), HAL_MAX_DELAY);
      |                                                 ^~~~~~
../Core/Src/main.c:80:49: note: include '<string.h>' or provide a declaration of 'strlen'
../Core/Src/main.c:77:36: warning: 'sprintf' writing a terminating nul past the end of the destination [-Wformat-overflow=]
   77 |     sprintf(buffer, "%02d:%02d:%02d", pcd->hours, pcd->minutes, pcd->seconds);
      |                                    ^
../Core/Src/main.c:77:5: note: 'sprintf' output between 9 and 12 bytes into a destination of size 8
   77 |     sprintf(buffer, "%02d:%02d:%02d", pcd->hours, pcd->minutes, pcd->seconds);
      |     ^~~~~~~~~~~~~~~~~~~~~~~~~~~~~~~~~~~~~~~~~~~~~~~~~~~~~~~~~~~~~~~~~~~~~~~~~
arm-none-eabi-gcc -o "lcd_screen.elf" @"objects.list"   -mcpu=cortex-m4 -T"D:\JU\Microdata_Technology\Mikrodatateknik_HT2023\labs\lab4\lcd_screen\STM32F411RETX_FLASH.ld" --specs=nosys.specs -Wl,-Map="lcd_screen.map" -Wl,--gc-sections -static --specs=nano.specs -mfpu=fpv4-sp-d16 -mfloat-abi=hard -mthumb -Wl,--start-group -lc -lm -Wl,--end-group
Finished building target: lcd_screen.elf
 
arm-none-eabi-size   lcd_screen.elf 
arm-none-eabi-objdump -h -S  lcd_screen.elf  > "lcd_screen.list"
   text	   data	    bss	    dec	    hex	filename
  12696	    100	   2044	  14840	   39f8	lcd_screen.elf
Finished building: default.size.stdout
 
Finished building: lcd_screen.list
 
10:28:20 **** Incremental Build of configuration Debug for project lcd_screen ****
make -j8 all 
arm-none-eabi-gcc "../Core/Src/main.c" -mcpu=cortex-m4 -std=gnu11 -g3 -DDEBUG -DUSE_HAL_DRIVER -DSTM32F411xE -c -I../Core/Inc -I../Drivers/STM32F4xx_HAL_Driver/Inc -I../Drivers/STM32F4xx_HAL_Driver/Inc/Legacy -I../Drivers/CMSIS/Device/ST/STM32F4xx/Include -I../Drivers/CMSIS/Include -O0 -ffunction-sections -fdata-sections -Wall -fstack-usage -fcyclomatic-complexity -MMD -MP -MF"Core/Src/main.d" -MT"Core/Src/main.o" --specs=nano.specs -mfpu=fpv4-sp-d16 -mfloat-abi=hard -mthumb -o "Core/Src/main.o"
../Core/Src/main.c: In function 'uart_print_cd':
../Core/Src/main.c:77:5: warning: implicit declaration of function 'sprintf' [-Wimplicit-function-declaration]
   77 |     sprintf(buffer, "%02d:%02d:%02d", pcd->hours, pcd->minutes, pcd->seconds);
      |     ^~~~~~~
../Core/Src/main.c:21:1: note: include '<stdio.h>' or provide a declaration of 'sprintf'
   20 | #include "main.h"
  +++ |+#include <stdio.h>
   21 | 
../Core/Src/main.c:77:5: warning: incompatible implicit declaration of built-in function 'sprintf' [-Wbuiltin-declaration-mismatch]
   77 |     sprintf(buffer, "%02d:%02d:%02d", pcd->hours, pcd->minutes, pcd->seconds);
      |     ^~~~~~~
../Core/Src/main.c:77:5: note: include '<stdio.h>' or provide a declaration of 'sprintf'
../Core/Src/main.c:80:49: warning: implicit declaration of function 'strlen' [-Wimplicit-function-declaration]
   80 |     HAL_UART_Transmit(huart, (uint8_t *)buffer, strlen(buffer), HAL_MAX_DELAY);
      |                                                 ^~~~~~
../Core/Src/main.c:21:1: note: include '<string.h>' or provide a declaration of 'strlen'
   20 | #include "main.h"
  +++ |+#include <string.h>
   21 | 
../Core/Src/main.c:80:49: warning: incompatible implicit declaration of built-in function 'strlen' [-Wbuiltin-declaration-mismatch]
   80 |     HAL_UART_Transmit(huart, (uint8_t *)buffer, strlen(buffer), HAL_MAX_DELAY);
      |                                                 ^~~~~~
../Core/Src/main.c:80:49: note: include '<string.h>' or provide a declaration of 'strlen'
../Core/Src/main.c:77:36: warning: 'sprintf' writing a terminating nul past the end of the destination [-Wformat-overflow=]
   77 |     sprintf(buffer, "%02d:%02d:%02d", pcd->hours, pcd->minutes, pcd->seconds);
      |                                    ^
../Core/Src/main.c:77:5: note: 'sprintf' output between 9 and 12 bytes into a destination of size 8
   77 |     sprintf(buffer, "%02d:%02d:%02d", pcd->hours, pcd->minutes, pcd->seconds);
      |     ^~~~~~~~~~~~~~~~~~~~~~~~~~~~~~~~~~~~~~~~~~~~~~~~~~~~~~~~~~~~~~~~~~~~~~~~~
arm-none-eabi-gcc -o "lcd_screen.elf" @"objects.list"   -mcpu=cortex-m4 -T"D:\JU\Microdata_Technology\Mikrodatateknik_HT2023\labs\lab4\lcd_screen\STM32F411RETX_FLASH.ld" --specs=nosys.specs -Wl,-Map="lcd_screen.map" -Wl,--gc-sections -static --specs=nano.specs -mfpu=fpv4-sp-d16 -mfloat-abi=hard -mthumb -Wl,--start-group -lc -lm -Wl,--end-group
Finished building target: lcd_screen.elf
 
arm-none-eabi-size   lcd_screen.elf 
arm-none-eabi-objdump -h -S  lcd_screen.elf  > "lcd_screen.list"
   text	   data	    bss	    dec	    hex	filename
  12696	    100	   2044	  14840	   39f8	lcd_screen.elf
Finished building: default.size.stdout
 
Finished building: lcd_screen.list
 
10:31:09 **** Incremental Build of configuration Debug for project lcd_screen ****
make -j8 all 
arm-none-eabi-gcc "../Core/Src/main.c" -mcpu=cortex-m4 -std=gnu11 -g3 -DDEBUG -DUSE_HAL_DRIVER -DSTM32F411xE -c -I../Core/Inc -I../Drivers/STM32F4xx_HAL_Driver/Inc -I../Drivers/STM32F4xx_HAL_Driver/Inc/Legacy -I../Drivers/CMSIS/Device/ST/STM32F4xx/Include -I../Drivers/CMSIS/Include -O0 -ffunction-sections -fdata-sections -Wall -fstack-usage -fcyclomatic-complexity -MMD -MP -MF"Core/Src/main.d" -MT"Core/Src/main.o" --specs=nano.specs -mfpu=fpv4-sp-d16 -mfloat-abi=hard -mthumb -o "Core/Src/main.o"
../Core/Src/main.c: In function 'uart_print_cd':
../Core/Src/main.c:77:5: warning: implicit declaration of function 'sprintf' [-Wimplicit-function-declaration]
   77 |     sprintf(buffer, "%02d:%02d:%02d", pcd->hours, pcd->minutes, pcd->seconds);
      |     ^~~~~~~
../Core/Src/main.c:21:1: note: include '<stdio.h>' or provide a declaration of 'sprintf'
   20 | #include "main.h"
  +++ |+#include <stdio.h>
   21 | 
../Core/Src/main.c:77:5: warning: incompatible implicit declaration of built-in function 'sprintf' [-Wbuiltin-declaration-mismatch]
   77 |     sprintf(buffer, "%02d:%02d:%02d", pcd->hours, pcd->minutes, pcd->seconds);
      |     ^~~~~~~
../Core/Src/main.c:77:5: note: include '<stdio.h>' or provide a declaration of 'sprintf'
../Core/Src/main.c:80:49: warning: implicit declaration of function 'strlen' [-Wimplicit-function-declaration]
   80 |     HAL_UART_Transmit(huart, (uint8_t *)buffer, strlen(buffer), HAL_MAX_DELAY);
      |                                                 ^~~~~~
../Core/Src/main.c:21:1: note: include '<string.h>' or provide a declaration of 'strlen'
   20 | #include "main.h"
  +++ |+#include <string.h>
   21 | 
../Core/Src/main.c:80:49: warning: incompatible implicit declaration of built-in function 'strlen' [-Wbuiltin-declaration-mismatch]
   80 |     HAL_UART_Transmit(huart, (uint8_t *)buffer, strlen(buffer), HAL_MAX_DELAY);
      |                                                 ^~~~~~
../Core/Src/main.c:80:49: note: include '<string.h>' or provide a declaration of 'strlen'
../Core/Src/main.c:77:36: warning: 'sprintf' writing a terminating nul past the end of the destination [-Wformat-overflow=]
   77 |     sprintf(buffer, "%02d:%02d:%02d", pcd->hours, pcd->minutes, pcd->seconds);
      |                                    ^
../Core/Src/main.c:77:5: note: 'sprintf' output between 9 and 12 bytes into a destination of size 8
   77 |     sprintf(buffer, "%02d:%02d:%02d", pcd->hours, pcd->minutes, pcd->seconds);
      |     ^~~~~~~~~~~~~~~~~~~~~~~~~~~~~~~~~~~~~~~~~~~~~~~~~~~~~~~~~~~~~~~~~~~~~~~~~
arm-none-eabi-gcc -o "lcd_screen.elf" @"objects.list"   -mcpu=cortex-m4 -T"D:\JU\Microdata_Technology\Mikrodatateknik_HT2023\labs\lab4\lcd_screen\STM32F411RETX_FLASH.ld" --specs=nosys.specs -Wl,-Map="lcd_screen.map" -Wl,--gc-sections -static --specs=nano.specs -mfpu=fpv4-sp-d16 -mfloat-abi=hard -mthumb -Wl,--start-group -lc -lm -Wl,--end-group
Finished building target: lcd_screen.elf
 
arm-none-eabi-size   lcd_screen.elf 
arm-none-eabi-objdump -h -S  lcd_screen.elf  > "lcd_screen.list"
   text	   data	    bss	    dec	    hex	filename
  12696	    100	   2044	  14840	   39f8	lcd_screen.elf
Finished building: default.size.stdout
 
Finished building: lcd_screen.list
 
10:34:18 **** Incremental Build of configuration Debug for project lcd_screen ****
make -j8 all 
arm-none-eabi-gcc "../Core/Src/stm32f4xx_hal_msp.c" -mcpu=cortex-m4 -std=gnu11 -g3 -DDEBUG -DUSE_HAL_DRIVER -DSTM32F411xE -c -I../Core/Inc -I../Drivers/STM32F4xx_HAL_Driver/Inc -I../Drivers/STM32F4xx_HAL_Driver/Inc/Legacy -I../Drivers/CMSIS/Device/ST/STM32F4xx/Include -I../Drivers/CMSIS/Include -O0 -ffunction-sections -fdata-sections -Wall -fstack-usage -fcyclomatic-complexity -MMD -MP -MF"Core/Src/stm32f4xx_hal_msp.d" -MT"Core/Src/stm32f4xx_hal_msp.o" --specs=nano.specs -mfpu=fpv4-sp-d16 -mfloat-abi=hard -mthumb -o "Core/Src/stm32f4xx_hal_msp.o"
arm-none-eabi-gcc "../Core/Src/stm32f4xx_it.c" -mcpu=cortex-m4 -std=gnu11 -g3 -DDEBUG -DUSE_HAL_DRIVER -DSTM32F411xE -c -I../Core/Inc -I../Drivers/STM32F4xx_HAL_Driver/Inc -I../Drivers/STM32F4xx_HAL_Driver/Inc/Legacy -I../Drivers/CMSIS/Device/ST/STM32F4xx/Include -I../Drivers/CMSIS/Include -O0 -ffunction-sections -fdata-sections -Wall -fstack-usage -fcyclomatic-complexity -MMD -MP -MF"Core/Src/stm32f4xx_it.d" -MT"Core/Src/stm32f4xx_it.o" --specs=nano.specs -mfpu=fpv4-sp-d16 -mfloat-abi=hard -mthumb -o "Core/Src/stm32f4xx_it.o"
arm-none-eabi-gcc -o "lcd_screen.elf" @"objects.list"   -mcpu=cortex-m4 -T"D:\JU\Microdata_Technology\Mikrodatateknik_HT2023\labs\lab4\lcd_screen\STM32F411RETX_FLASH.ld" --specs=nosys.specs -Wl,-Map="lcd_screen.map" -Wl,--gc-sections -static --specs=nano.specs -mfpu=fpv4-sp-d16 -mfloat-abi=hard -mthumb -Wl,--start-group -lc -lm -Wl,--end-group
Finished building target: lcd_screen.elf
 
arm-none-eabi-size   lcd_screen.elf 
arm-none-eabi-objdump -h -S  lcd_screen.elf  > "lcd_screen.list"
   text	   data	    bss	    dec	    hex	filename
  13508	    100	   2044	  15652	   3d24	lcd_screen.elf
Finished building: default.size.stdout
 
Finished building: lcd_screen.list
 
10:36:39 **** Incremental Build of configuration Debug for project lcd_screen ****
make -j8 all 
arm-none-eabi-gcc "../Core/Src/main.c" -mcpu=cortex-m4 -std=gnu11 -g3 -DDEBUG -DUSE_HAL_DRIVER -DSTM32F411xE -c -I../Core/Inc -I../Drivers/STM32F4xx_HAL_Driver/Inc -I../Drivers/STM32F4xx_HAL_Driver/Inc/Legacy -I../Drivers/CMSIS/Device/ST/STM32F4xx/Include -I../Drivers/CMSIS/Include -O0 -ffunction-sections -fdata-sections -Wall -fstack-usage -fcyclomatic-complexity -MMD -MP -MF"Core/Src/main.d" -MT"Core/Src/main.o" --specs=nano.specs -mfpu=fpv4-sp-d16 -mfloat-abi=hard -mthumb -o "Core/Src/main.o"
../Core/Src/main.c: In function 'uart_print_cd':
../Core/Src/main.c:77:5: warning: implicit declaration of function 'sprintf' [-Wimplicit-function-declaration]
   77 |     sprintf(buffer, "%02d:%02d:%02d", pcd->hours, pcd->minutes, pcd->seconds);
      |     ^~~~~~~
../Core/Src/main.c:21:1: note: include '<stdio.h>' or provide a declaration of 'sprintf'
   20 | #include "main.h"
  +++ |+#include <stdio.h>
   21 | 
../Core/Src/main.c:77:5: warning: incompatible implicit declaration of built-in function 'sprintf' [-Wbuiltin-declaration-mismatch]
   77 |     sprintf(buffer, "%02d:%02d:%02d", pcd->hours, pcd->minutes, pcd->seconds);
      |     ^~~~~~~
../Core/Src/main.c:77:5: note: include '<stdio.h>' or provide a declaration of 'sprintf'
../Core/Src/main.c:80:49: warning: implicit declaration of function 'strlen' [-Wimplicit-function-declaration]
   80 |     HAL_UART_Transmit(huart, (uint8_t *)buffer, strlen(buffer), HAL_MAX_DELAY);
      |                                                 ^~~~~~
../Core/Src/main.c:21:1: note: include '<string.h>' or provide a declaration of 'strlen'
   20 | #include "main.h"
  +++ |+#include <string.h>
   21 | 
../Core/Src/main.c:80:49: warning: incompatible implicit declaration of built-in function 'strlen' [-Wbuiltin-declaration-mismatch]
   80 |     HAL_UART_Transmit(huart, (uint8_t *)buffer, strlen(buffer), HAL_MAX_DELAY);
      |                                                 ^~~~~~
../Core/Src/main.c:80:49: note: include '<string.h>' or provide a declaration of 'strlen'
../Core/Src/main.c:77:36: warning: 'sprintf' writing a terminating nul past the end of the destination [-Wformat-overflow=]
   77 |     sprintf(buffer, "%02d:%02d:%02d", pcd->hours, pcd->minutes, pcd->seconds);
      |                                    ^
../Core/Src/main.c:77:5: note: 'sprintf' output between 9 and 12 bytes into a destination of size 8
   77 |     sprintf(buffer, "%02d:%02d:%02d", pcd->hours, pcd->minutes, pcd->seconds);
      |     ^~~~~~~~~~~~~~~~~~~~~~~~~~~~~~~~~~~~~~~~~~~~~~~~~~~~~~~~~~~~~~~~~~~~~~~~~
arm-none-eabi-gcc -o "lcd_screen.elf" @"objects.list"   -mcpu=cortex-m4 -T"D:\JU\Microdata_Technology\Mikrodatateknik_HT2023\labs\lab4\lcd_screen\STM32F411RETX_FLASH.ld" --specs=nosys.specs -Wl,-Map="lcd_screen.map" -Wl,--gc-sections -static --specs=nano.specs -mfpu=fpv4-sp-d16 -mfloat-abi=hard -mthumb -Wl,--start-group -lc -lm -Wl,--end-group
Finished building target: lcd_screen.elf
 
arm-none-eabi-size   lcd_screen.elf 
arm-none-eabi-objdump -h -S  lcd_screen.elf  > "lcd_screen.list"
   text	   data	    bss	    dec	    hex	filename
  13428	    100	   2044	  15572	   3cd4	lcd_screen.elf
Finished building: default.size.stdout
 
Finished building: lcd_screen.list
 
10:41:55 **** Incremental Build of configuration Debug for project lcd_screen ****
make -j8 all 
arm-none-eabi-gcc "../Core/Src/main.c" -mcpu=cortex-m4 -std=gnu11 -g3 -DDEBUG -DUSE_HAL_DRIVER -DSTM32F411xE -c -I../Core/Inc -I../Drivers/STM32F4xx_HAL_Driver/Inc -I../Drivers/STM32F4xx_HAL_Driver/Inc/Legacy -I../Drivers/CMSIS/Device/ST/STM32F4xx/Include -I../Drivers/CMSIS/Include -O0 -ffunction-sections -fdata-sections -Wall -fstack-usage -fcyclomatic-complexity -MMD -MP -MF"Core/Src/main.d" -MT"Core/Src/main.o" --specs=nano.specs -mfpu=fpv4-sp-d16 -mfloat-abi=hard -mthumb -o "Core/Src/main.o"
../Core/Src/main.c: In function 'uart_print_cd':
../Core/Src/main.c:78:5: warning: implicit declaration of function 'sprintf' [-Wimplicit-function-declaration]
   78 |     sprintf(buffer, "%02d:%02d:%02d", pcd->hours, pcd->minutes, pcd->seconds);
      |     ^~~~~~~
../Core/Src/main.c:21:1: note: include '<stdio.h>' or provide a declaration of 'sprintf'
   20 | #include "main.h"
  +++ |+#include <stdio.h>
   21 | 
../Core/Src/main.c:78:5: warning: incompatible implicit declaration of built-in function 'sprintf' [-Wbuiltin-declaration-mismatch]
   78 |     sprintf(buffer, "%02d:%02d:%02d", pcd->hours, pcd->minutes, pcd->seconds);
      |     ^~~~~~~
../Core/Src/main.c:78:5: note: include '<stdio.h>' or provide a declaration of 'sprintf'
../Core/Src/main.c:81:49: warning: implicit declaration of function 'strlen' [-Wimplicit-function-declaration]
   81 |     HAL_UART_Transmit(huart, (uint8_t *)buffer, strlen(buffer), HAL_MAX_DELAY);
      |                                                 ^~~~~~
../Core/Src/main.c:21:1: note: include '<string.h>' or provide a declaration of 'strlen'
   20 | #include "main.h"
  +++ |+#include <string.h>
   21 | 
../Core/Src/main.c:81:49: warning: incompatible implicit declaration of built-in function 'strlen' [-Wbuiltin-declaration-mismatch]
   81 |     HAL_UART_Transmit(huart, (uint8_t *)buffer, strlen(buffer), HAL_MAX_DELAY);
      |                                                 ^~~~~~
../Core/Src/main.c:81:49: note: include '<string.h>' or provide a declaration of 'strlen'
../Core/Src/main.c:78:36: warning: 'sprintf' writing a terminating nul past the end of the destination [-Wformat-overflow=]
   78 |     sprintf(buffer, "%02d:%02d:%02d", pcd->hours, pcd->minutes, pcd->seconds);
      |                                    ^
../Core/Src/main.c:78:5: note: 'sprintf' output between 9 and 12 bytes into a destination of size 8
   78 |     sprintf(buffer, "%02d:%02d:%02d", pcd->hours, pcd->minutes, pcd->seconds);
      |     ^~~~~~~~~~~~~~~~~~~~~~~~~~~~~~~~~~~~~~~~~~~~~~~~~~~~~~~~~~~~~~~~~~~~~~~~~
arm-none-eabi-gcc -o "lcd_screen.elf" @"objects.list"   -mcpu=cortex-m4 -T"D:\JU\Microdata_Technology\Mikrodatateknik_HT2023\labs\lab4\lcd_screen\STM32F411RETX_FLASH.ld" --specs=nosys.specs -Wl,-Map="lcd_screen.map" -Wl,--gc-sections -static --specs=nano.specs -mfpu=fpv4-sp-d16 -mfloat-abi=hard -mthumb -Wl,--start-group -lc -lm -Wl,--end-group
Finished building target: lcd_screen.elf
 
arm-none-eabi-size   lcd_screen.elf 
arm-none-eabi-objdump -h -S  lcd_screen.elf  > "lcd_screen.list"
   text	   data	    bss	    dec	    hex	filename
  13460	    100	   2044	  15604	   3cf4	lcd_screen.elf
Finished building: default.size.stdout
 
Finished building: lcd_screen.list
 
10:42:16 **** Incremental Build of configuration Debug for project lcd_screen ****
make -j8 all 
arm-none-eabi-size   lcd_screen.elf 
   text	   data	    bss	    dec	    hex	filename
  13460	    100	   2044	  15604	   3cf4	lcd_screen.elf
Finished building: default.size.stdout
 
10:42:58 **** Incremental Build of configuration Debug for project lcd_screen ****
make -j8 all 
arm-none-eabi-gcc "../Core/Src/main.c" -mcpu=cortex-m4 -std=gnu11 -g3 -DDEBUG -DUSE_HAL_DRIVER -DSTM32F411xE -c -I../Core/Inc -I../Drivers/STM32F4xx_HAL_Driver/Inc -I../Drivers/STM32F4xx_HAL_Driver/Inc/Legacy -I../Drivers/CMSIS/Device/ST/STM32F4xx/Include -I../Drivers/CMSIS/Include -O0 -ffunction-sections -fdata-sections -Wall -fstack-usage -fcyclomatic-complexity -MMD -MP -MF"Core/Src/main.d" -MT"Core/Src/main.o" --specs=nano.specs -mfpu=fpv4-sp-d16 -mfloat-abi=hard -mthumb -o "Core/Src/main.o"
../Core/Src/main.c: In function 'uart_print_cd':
../Core/Src/main.c:78:5: warning: implicit declaration of function 'sprintf' [-Wimplicit-function-declaration]
   78 |     sprintf(buffer, "%02d:%02d:%02d", pcd->hours, pcd->minutes, pcd->seconds);
      |     ^~~~~~~
../Core/Src/main.c:21:1: note: include '<stdio.h>' or provide a declaration of 'sprintf'
   20 | #include "main.h"
  +++ |+#include <stdio.h>
   21 | 
../Core/Src/main.c:78:5: warning: incompatible implicit declaration of built-in function 'sprintf' [-Wbuiltin-declaration-mismatch]
   78 |     sprintf(buffer, "%02d:%02d:%02d", pcd->hours, pcd->minutes, pcd->seconds);
      |     ^~~~~~~
../Core/Src/main.c:78:5: note: include '<stdio.h>' or provide a declaration of 'sprintf'
../Core/Src/main.c:81:49: warning: implicit declaration of function 'strlen' [-Wimplicit-function-declaration]
   81 |     HAL_UART_Transmit(huart, (uint8_t *)buffer, strlen(buffer), HAL_MAX_DELAY);
      |                                                 ^~~~~~
../Core/Src/main.c:21:1: note: include '<string.h>' or provide a declaration of 'strlen'
   20 | #include "main.h"
  +++ |+#include <string.h>
   21 | 
../Core/Src/main.c:81:49: warning: incompatible implicit declaration of built-in function 'strlen' [-Wbuiltin-declaration-mismatch]
   81 |     HAL_UART_Transmit(huart, (uint8_t *)buffer, strlen(buffer), HAL_MAX_DELAY);
      |                                                 ^~~~~~
../Core/Src/main.c:81:49: note: include '<string.h>' or provide a declaration of 'strlen'
../Core/Src/main.c:78:36: warning: 'sprintf' writing a terminating nul past the end of the destination [-Wformat-overflow=]
   78 |     sprintf(buffer, "%02d:%02d:%02d", pcd->hours, pcd->minutes, pcd->seconds);
      |                                    ^
../Core/Src/main.c:78:5: note: 'sprintf' output between 9 and 12 bytes into a destination of size 8
   78 |     sprintf(buffer, "%02d:%02d:%02d", pcd->hours, pcd->minutes, pcd->seconds);
      |     ^~~~~~~~~~~~~~~~~~~~~~~~~~~~~~~~~~~~~~~~~~~~~~~~~~~~~~~~~~~~~~~~~~~~~~~~~
arm-none-eabi-gcc -o "lcd_screen.elf" @"objects.list"   -mcpu=cortex-m4 -T"D:\JU\Microdata_Technology\Mikrodatateknik_HT2023\labs\lab4\lcd_screen\STM32F411RETX_FLASH.ld" --specs=nosys.specs -Wl,-Map="lcd_screen.map" -Wl,--gc-sections -static --specs=nano.specs -mfpu=fpv4-sp-d16 -mfloat-abi=hard -mthumb -Wl,--start-group -lc -lm -Wl,--end-group
Finished building target: lcd_screen.elf
 
arm-none-eabi-size   lcd_screen.elf 
arm-none-eabi-objdump -h -S  lcd_screen.elf  > "lcd_screen.list"
   text	   data	    bss	    dec	    hex	filename
  13540	    100	   2044	  15684	   3d44	lcd_screen.elf
Finished building: default.size.stdout
 
Finished building: lcd_screen.list
 
10:47:57 **** Incremental Build of configuration Debug for project lcd_screen ****
make -j8 all 
arm-none-eabi-gcc "../Core/Src/main.c" -mcpu=cortex-m4 -std=gnu11 -g3 -DDEBUG -DUSE_HAL_DRIVER -DSTM32F411xE -c -I../Core/Inc -I../Drivers/STM32F4xx_HAL_Driver/Inc -I../Drivers/STM32F4xx_HAL_Driver/Inc/Legacy -I../Drivers/CMSIS/Device/ST/STM32F4xx/Include -I../Drivers/CMSIS/Include -O0 -ffunction-sections -fdata-sections -Wall -fstack-usage -fcyclomatic-complexity -MMD -MP -MF"Core/Src/main.d" -MT"Core/Src/main.o" --specs=nano.specs -mfpu=fpv4-sp-d16 -mfloat-abi=hard -mthumb -o "Core/Src/main.o"
../Core/Src/main.c: In function 'uart_print_cd':
../Core/Src/main.c:79:5: warning: implicit declaration of function 'sprintf' [-Wimplicit-function-declaration]
   79 |     sprintf(buffer, "%02d:%02d:%02d", pcd->hours, pcd->minutes, pcd->seconds);
      |     ^~~~~~~
../Core/Src/main.c:21:1: note: include '<stdio.h>' or provide a declaration of 'sprintf'
   20 | #include "main.h"
  +++ |+#include <stdio.h>
   21 | 
../Core/Src/main.c:79:5: warning: incompatible implicit declaration of built-in function 'sprintf' [-Wbuiltin-declaration-mismatch]
   79 |     sprintf(buffer, "%02d:%02d:%02d", pcd->hours, pcd->minutes, pcd->seconds);
      |     ^~~~~~~
../Core/Src/main.c:79:5: note: include '<stdio.h>' or provide a declaration of 'sprintf'
../Core/Src/main.c:82:49: warning: implicit declaration of function 'strlen' [-Wimplicit-function-declaration]
   82 |     HAL_UART_Transmit(huart, (uint8_t *)buffer, strlen(buffer), HAL_MAX_DELAY);
      |                                                 ^~~~~~
../Core/Src/main.c:21:1: note: include '<string.h>' or provide a declaration of 'strlen'
   20 | #include "main.h"
  +++ |+#include <string.h>
   21 | 
../Core/Src/main.c:82:49: warning: incompatible implicit declaration of built-in function 'strlen' [-Wbuiltin-declaration-mismatch]
   82 |     HAL_UART_Transmit(huart, (uint8_t *)buffer, strlen(buffer), HAL_MAX_DELAY);
      |                                                 ^~~~~~
../Core/Src/main.c:82:49: note: include '<string.h>' or provide a declaration of 'strlen'
../Core/Src/main.c:79:36: warning: 'sprintf' writing a terminating nul past the end of the destination [-Wformat-overflow=]
   79 |     sprintf(buffer, "%02d:%02d:%02d", pcd->hours, pcd->minutes, pcd->seconds);
      |                                    ^
../Core/Src/main.c:79:5: note: 'sprintf' output between 9 and 12 bytes into a destination of size 8
   79 |     sprintf(buffer, "%02d:%02d:%02d", pcd->hours, pcd->minutes, pcd->seconds);
      |     ^~~~~~~~~~~~~~~~~~~~~~~~~~~~~~~~~~~~~~~~~~~~~~~~~~~~~~~~~~~~~~~~~~~~~~~~~
arm-none-eabi-gcc -o "lcd_screen.elf" @"objects.list"   -mcpu=cortex-m4 -T"D:\JU\Microdata_Technology\Mikrodatateknik_HT2023\labs\lab4\lcd_screen\STM32F411RETX_FLASH.ld" --specs=nosys.specs -Wl,-Map="lcd_screen.map" -Wl,--gc-sections -static --specs=nano.specs -mfpu=fpv4-sp-d16 -mfloat-abi=hard -mthumb -Wl,--start-group -lc -lm -Wl,--end-group
Finished building target: lcd_screen.elf
 
arm-none-eabi-size   lcd_screen.elf 
arm-none-eabi-objdump -h -S  lcd_screen.elf  > "lcd_screen.list"
   text	   data	    bss	    dec	    hex	filename
  13556	    100	   2044	  15700	   3d54	lcd_screen.elf
Finished building: default.size.stdout
 
Finished building: lcd_screen.list
 
10:48:10 **** Incremental Build of configuration Debug for project lcd_screen ****
make -j8 all 
arm-none-eabi-size   lcd_screen.elf 
   text	   data	    bss	    dec	    hex	filename
  13556	    100	   2044	  15700	   3d54	lcd_screen.elf
Finished building: default.size.stdout
 
10:53:18 **** Incremental Build of configuration Debug for project lcd_screen ****
make -j8 all 
arm-none-eabi-gcc "../Core/Src/main.c" -mcpu=cortex-m4 -std=gnu11 -g3 -DDEBUG -DUSE_HAL_DRIVER -DSTM32F411xE -c -I../Core/Inc -I../Drivers/STM32F4xx_HAL_Driver/Inc -I../Drivers/STM32F4xx_HAL_Driver/Inc/Legacy -I../Drivers/CMSIS/Device/ST/STM32F4xx/Include -I../Drivers/CMSIS/Include -O0 -ffunction-sections -fdata-sections -Wall -fstack-usage -fcyclomatic-complexity -MMD -MP -MF"Core/Src/main.d" -MT"Core/Src/main.o" --specs=nano.specs -mfpu=fpv4-sp-d16 -mfloat-abi=hard -mthumb -o "Core/Src/main.o"
../Core/Src/main.c: In function 'uart_print_cd':
../Core/Src/main.c:78:5: warning: implicit declaration of function 'sprintf' [-Wimplicit-function-declaration]
   78 |     sprintf(buffer, "%02d:%02d:%02d", pcd->hours, pcd->minutes, pcd->seconds);
      |     ^~~~~~~
../Core/Src/main.c:21:1: note: include '<stdio.h>' or provide a declaration of 'sprintf'
   20 | #include "main.h"
  +++ |+#include <stdio.h>
   21 | 
../Core/Src/main.c:78:5: warning: incompatible implicit declaration of built-in function 'sprintf' [-Wbuiltin-declaration-mismatch]
   78 |     sprintf(buffer, "%02d:%02d:%02d", pcd->hours, pcd->minutes, pcd->seconds);
      |     ^~~~~~~
../Core/Src/main.c:78:5: note: include '<stdio.h>' or provide a declaration of 'sprintf'
../Core/Src/main.c:81:49: warning: implicit declaration of function 'strlen' [-Wimplicit-function-declaration]
   81 |     HAL_UART_Transmit(huart, (uint8_t *)buffer, strlen(buffer), HAL_MAX_DELAY);
      |                                                 ^~~~~~
../Core/Src/main.c:21:1: note: include '<string.h>' or provide a declaration of 'strlen'
   20 | #include "main.h"
  +++ |+#include <string.h>
   21 | 
../Core/Src/main.c:81:49: warning: incompatible implicit declaration of built-in function 'strlen' [-Wbuiltin-declaration-mismatch]
   81 |     HAL_UART_Transmit(huart, (uint8_t *)buffer, strlen(buffer), HAL_MAX_DELAY);
      |                                                 ^~~~~~
../Core/Src/main.c:81:49: note: include '<string.h>' or provide a declaration of 'strlen'
../Core/Src/main.c:78:36: warning: 'sprintf' writing a terminating nul past the end of the destination [-Wformat-overflow=]
   78 |     sprintf(buffer, "%02d:%02d:%02d", pcd->hours, pcd->minutes, pcd->seconds);
      |                                    ^
../Core/Src/main.c:78:5: note: 'sprintf' output between 9 and 12 bytes into a destination of size 8
   78 |     sprintf(buffer, "%02d:%02d:%02d", pcd->hours, pcd->minutes, pcd->seconds);
      |     ^~~~~~~~~~~~~~~~~~~~~~~~~~~~~~~~~~~~~~~~~~~~~~~~~~~~~~~~~~~~~~~~~~~~~~~~~
arm-none-eabi-gcc -o "lcd_screen.elf" @"objects.list"   -mcpu=cortex-m4 -T"D:\JU\Microdata_Technology\Mikrodatateknik_HT2023\labs\lab4\lcd_screen\STM32F411RETX_FLASH.ld" --specs=nosys.specs -Wl,-Map="lcd_screen.map" -Wl,--gc-sections -static --specs=nano.specs -mfpu=fpv4-sp-d16 -mfloat-abi=hard -mthumb -Wl,--start-group -lc -lm -Wl,--end-group
Finished building target: lcd_screen.elf
 
arm-none-eabi-size   lcd_screen.elf 
arm-none-eabi-objdump -h -S  lcd_screen.elf  > "lcd_screen.list"
   text	   data	    bss	    dec	    hex	filename
  13512	    100	   2044	  15656	   3d28	lcd_screen.elf
Finished building: default.size.stdout
 
Finished building: lcd_screen.list
 
10:54:48 **** Incremental Build of configuration Debug for project lcd_screen ****
make -j8 all 
arm-none-eabi-gcc "../Core/Src/main.c" -mcpu=cortex-m4 -std=gnu11 -g3 -DDEBUG -DUSE_HAL_DRIVER -DSTM32F411xE -c -I../Core/Inc -I../Drivers/STM32F4xx_HAL_Driver/Inc -I../Drivers/STM32F4xx_HAL_Driver/Inc/Legacy -I../Drivers/CMSIS/Device/ST/STM32F4xx/Include -I../Drivers/CMSIS/Include -O0 -ffunction-sections -fdata-sections -Wall -fstack-usage -fcyclomatic-complexity -MMD -MP -MF"Core/Src/main.d" -MT"Core/Src/main.o" --specs=nano.specs -mfpu=fpv4-sp-d16 -mfloat-abi=hard -mthumb -o "Core/Src/main.o"
../Core/Src/main.c: In function 'uart_print_cd':
../Core/Src/main.c:78:5: warning: implicit declaration of function 'sprintf' [-Wimplicit-function-declaration]
   78 |     sprintf(buffer, "%02d:%02d:%02d", pcd->hours, pcd->minutes, pcd->seconds);
      |     ^~~~~~~
../Core/Src/main.c:21:1: note: include '<stdio.h>' or provide a declaration of 'sprintf'
   20 | #include "main.h"
  +++ |+#include <stdio.h>
   21 | 
../Core/Src/main.c:78:5: warning: incompatible implicit declaration of built-in function 'sprintf' [-Wbuiltin-declaration-mismatch]
   78 |     sprintf(buffer, "%02d:%02d:%02d", pcd->hours, pcd->minutes, pcd->seconds);
      |     ^~~~~~~
../Core/Src/main.c:78:5: note: include '<stdio.h>' or provide a declaration of 'sprintf'
../Core/Src/main.c:81:49: warning: implicit declaration of function 'strlen' [-Wimplicit-function-declaration]
   81 |     HAL_UART_Transmit(huart, (uint8_t *)buffer, strlen(buffer), HAL_MAX_DELAY);
      |                                                 ^~~~~~
../Core/Src/main.c:21:1: note: include '<string.h>' or provide a declaration of 'strlen'
   20 | #include "main.h"
  +++ |+#include <string.h>
   21 | 
../Core/Src/main.c:81:49: warning: incompatible implicit declaration of built-in function 'strlen' [-Wbuiltin-declaration-mismatch]
   81 |     HAL_UART_Transmit(huart, (uint8_t *)buffer, strlen(buffer), HAL_MAX_DELAY);
      |                                                 ^~~~~~
../Core/Src/main.c:81:49: note: include '<string.h>' or provide a declaration of 'strlen'
../Core/Src/main.c:78:36: warning: 'sprintf' writing a terminating nul past the end of the destination [-Wformat-overflow=]
   78 |     sprintf(buffer, "%02d:%02d:%02d", pcd->hours, pcd->minutes, pcd->seconds);
      |                                    ^
../Core/Src/main.c:78:5: note: 'sprintf' output between 9 and 12 bytes into a destination of size 8
   78 |     sprintf(buffer, "%02d:%02d:%02d", pcd->hours, pcd->minutes, pcd->seconds);
      |     ^~~~~~~~~~~~~~~~~~~~~~~~~~~~~~~~~~~~~~~~~~~~~~~~~~~~~~~~~~~~~~~~~~~~~~~~~
arm-none-eabi-gcc -o "lcd_screen.elf" @"objects.list"   -mcpu=cortex-m4 -T"D:\JU\Microdata_Technology\Mikrodatateknik_HT2023\labs\lab4\lcd_screen\STM32F411RETX_FLASH.ld" --specs=nosys.specs -Wl,-Map="lcd_screen.map" -Wl,--gc-sections -static --specs=nano.specs -mfpu=fpv4-sp-d16 -mfloat-abi=hard -mthumb -Wl,--start-group -lc -lm -Wl,--end-group
Finished building target: lcd_screen.elf
 
arm-none-eabi-size   lcd_screen.elf 
arm-none-eabi-objdump -h -S  lcd_screen.elf  > "lcd_screen.list"
   text	   data	    bss	    dec	    hex	filename
  13724	    100	   2044	  15868	   3dfc	lcd_screen.elf
Finished building: default.size.stdout
 
Finished building: lcd_screen.list
 
10:58:32 **** Incremental Build of configuration Debug for project lcd_screen ****
make -j8 all 
arm-none-eabi-gcc "../Core/Src/main.c" -mcpu=cortex-m4 -std=gnu11 -g3 -DDEBUG -DUSE_HAL_DRIVER -DSTM32F411xE -c -I../Core/Inc -I../Drivers/STM32F4xx_HAL_Driver/Inc -I../Drivers/STM32F4xx_HAL_Driver/Inc/Legacy -I../Drivers/CMSIS/Device/ST/STM32F4xx/Include -I../Drivers/CMSIS/Include -O0 -ffunction-sections -fdata-sections -Wall -fstack-usage -fcyclomatic-complexity -MMD -MP -MF"Core/Src/main.d" -MT"Core/Src/main.o" --specs=nano.specs -mfpu=fpv4-sp-d16 -mfloat-abi=hard -mthumb -o "Core/Src/main.o"
../Core/Src/main.c: In function 'uart_print_cd':
../Core/Src/main.c:78:5: warning: implicit declaration of function 'sprintf' [-Wimplicit-function-declaration]
   78 |     sprintf(buffer, "%02d:%02d:%02d", pcd->hours, pcd->minutes, pcd->seconds);
      |     ^~~~~~~
../Core/Src/main.c:21:1: note: include '<stdio.h>' or provide a declaration of 'sprintf'
   20 | #include "main.h"
  +++ |+#include <stdio.h>
   21 | 
../Core/Src/main.c:78:5: warning: incompatible implicit declaration of built-in function 'sprintf' [-Wbuiltin-declaration-mismatch]
   78 |     sprintf(buffer, "%02d:%02d:%02d", pcd->hours, pcd->minutes, pcd->seconds);
      |     ^~~~~~~
../Core/Src/main.c:78:5: note: include '<stdio.h>' or provide a declaration of 'sprintf'
../Core/Src/main.c:81:49: warning: implicit declaration of function 'strlen' [-Wimplicit-function-declaration]
   81 |     HAL_UART_Transmit(huart, (uint8_t *)buffer, strlen(buffer), HAL_MAX_DELAY);
      |                                                 ^~~~~~
../Core/Src/main.c:21:1: note: include '<string.h>' or provide a declaration of 'strlen'
   20 | #include "main.h"
  +++ |+#include <string.h>
   21 | 
../Core/Src/main.c:81:49: warning: incompatible implicit declaration of built-in function 'strlen' [-Wbuiltin-declaration-mismatch]
   81 |     HAL_UART_Transmit(huart, (uint8_t *)buffer, strlen(buffer), HAL_MAX_DELAY);
      |                                                 ^~~~~~
../Core/Src/main.c:81:49: note: include '<string.h>' or provide a declaration of 'strlen'
../Core/Src/main.c: In function 'main':
../Core/Src/main.c:173:23: error: invalid type argument of '->' (have 'struct clock_data')
  173 |     hours   = my_clock->hours;
      |                       ^~
../Core/Src/main.c:174:23: error: invalid type argument of '->' (have 'struct clock_data')
  174 |     minutes = my_clock->minutes;
      |                       ^~
../Core/Src/main.c:175:23: error: invalid type argument of '->' (have 'struct clock_data')
  175 |     seconds = my_clock->seconds;
      |                       ^~
../Core/Src/main.c:169:11: warning: variable 'seconds' set but not used [-Wunused-but-set-variable]
  169 |   uint8_t seconds;
      |           ^~~~~~~
../Core/Src/main.c:168:11: warning: variable 'minutes' set but not used [-Wunused-but-set-variable]
  168 |   uint8_t minutes;
      |           ^~~~~~~
../Core/Src/main.c:167:11: warning: variable 'hours' set but not used [-Wunused-but-set-variable]
  167 |   uint8_t hours;
      |           ^~~~~
../Core/Src/main.c: In function 'uart_print_cd':
../Core/Src/main.c:78:36: warning: 'sprintf' writing a terminating nul past the end of the destination [-Wformat-overflow=]
   78 |     sprintf(buffer, "%02d:%02d:%02d", pcd->hours, pcd->minutes, pcd->seconds);
      |                                    ^
../Core/Src/main.c:78:5: note: 'sprintf' output between 9 and 12 bytes into a destination of size 8
   78 |     sprintf(buffer, "%02d:%02d:%02d", pcd->hours, pcd->minutes, pcd->seconds);
      |     ^~~~~~~~~~~~~~~~~~~~~~~~~~~~~~~~~~~~~~~~~~~~~~~~~~~~~~~~~~~~~~~~~~~~~~~~~
make: *** [Core/Src/subdir.mk:34: Core/Src/main.o] Error 1
"make -j8 all" terminated with exit code 2. Build might be incomplete.
11:00:15 **** Incremental Build of configuration Debug for project lcd_screen ****
make -j8 all 
arm-none-eabi-gcc "../Core/Src/main.c" -mcpu=cortex-m4 -std=gnu11 -g3 -DDEBUG -DUSE_HAL_DRIVER -DSTM32F411xE -c -I../Core/Inc -I../Drivers/STM32F4xx_HAL_Driver/Inc -I../Drivers/STM32F4xx_HAL_Driver/Inc/Legacy -I../Drivers/CMSIS/Device/ST/STM32F4xx/Include -I../Drivers/CMSIS/Include -O0 -ffunction-sections -fdata-sections -Wall -fstack-usage -fcyclomatic-complexity -MMD -MP -MF"Core/Src/main.d" -MT"Core/Src/main.o" --specs=nano.specs -mfpu=fpv4-sp-d16 -mfloat-abi=hard -mthumb -o "Core/Src/main.o"
../Core/Src/main.c: In function 'uart_print_cd':
../Core/Src/main.c:78:5: warning: implicit declaration of function 'sprintf' [-Wimplicit-function-declaration]
   78 |     sprintf(buffer, "%02d:%02d:%02d", pcd->hours, pcd->minutes, pcd->seconds);
      |     ^~~~~~~
../Core/Src/main.c:21:1: note: include '<stdio.h>' or provide a declaration of 'sprintf'
   20 | #include "main.h"
  +++ |+#include <stdio.h>
   21 | 
../Core/Src/main.c:78:5: warning: incompatible implicit declaration of built-in function 'sprintf' [-Wbuiltin-declaration-mismatch]
   78 |     sprintf(buffer, "%02d:%02d:%02d", pcd->hours, pcd->minutes, pcd->seconds);
      |     ^~~~~~~
../Core/Src/main.c:78:5: note: include '<stdio.h>' or provide a declaration of 'sprintf'
../Core/Src/main.c:81:49: warning: implicit declaration of function 'strlen' [-Wimplicit-function-declaration]
   81 |     HAL_UART_Transmit(huart, (uint8_t *)buffer, strlen(buffer), HAL_MAX_DELAY);
      |                                                 ^~~~~~
../Core/Src/main.c:21:1: note: include '<string.h>' or provide a declaration of 'strlen'
   20 | #include "main.h"
  +++ |+#include <string.h>
   21 | 
../Core/Src/main.c:81:49: warning: incompatible implicit declaration of built-in function 'strlen' [-Wbuiltin-declaration-mismatch]
   81 |     HAL_UART_Transmit(huart, (uint8_t *)buffer, strlen(buffer), HAL_MAX_DELAY);
      |                                                 ^~~~~~
../Core/Src/main.c:81:49: note: include '<string.h>' or provide a declaration of 'strlen'
../Core/Src/main.c: In function 'main':
../Core/Src/main.c:169:11: warning: variable 'seconds' set but not used [-Wunused-but-set-variable]
  169 |   uint8_t seconds;
      |           ^~~~~~~
../Core/Src/main.c:168:11: warning: variable 'minutes' set but not used [-Wunused-but-set-variable]
  168 |   uint8_t minutes;
      |           ^~~~~~~
../Core/Src/main.c:167:11: warning: variable 'hours' set but not used [-Wunused-but-set-variable]
  167 |   uint8_t hours;
      |           ^~~~~
../Core/Src/main.c: In function 'uart_print_cd':
../Core/Src/main.c:78:36: warning: 'sprintf' writing a terminating nul past the end of the destination [-Wformat-overflow=]
   78 |     sprintf(buffer, "%02d:%02d:%02d", pcd->hours, pcd->minutes, pcd->seconds);
      |                                    ^
../Core/Src/main.c:78:5: note: 'sprintf' output between 9 and 12 bytes into a destination of size 8
   78 |     sprintf(buffer, "%02d:%02d:%02d", pcd->hours, pcd->minutes, pcd->seconds);
      |     ^~~~~~~~~~~~~~~~~~~~~~~~~~~~~~~~~~~~~~~~~~~~~~~~~~~~~~~~~~~~~~~~~~~~~~~~~
arm-none-eabi-gcc -o "lcd_screen.elf" @"objects.list"   -mcpu=cortex-m4 -T"D:\JU\Microdata_Technology\Mikrodatateknik_HT2023\labs\lab4\lcd_screen\STM32F411RETX_FLASH.ld" --specs=nosys.specs -Wl,-Map="lcd_screen.map" -Wl,--gc-sections -static --specs=nano.specs -mfpu=fpv4-sp-d16 -mfloat-abi=hard -mthumb -Wl,--start-group -lc -lm -Wl,--end-group
Finished building target: lcd_screen.elf
 
arm-none-eabi-size   lcd_screen.elf 
arm-none-eabi-objdump -h -S  lcd_screen.elf  > "lcd_screen.list"
   text	   data	    bss	    dec	    hex	filename
  13736	    100	   2044	  15880	   3e08	lcd_screen.elf
Finished building: default.size.stdout
 
Finished building: lcd_screen.list
 
11:02:10 **** Incremental Build of configuration Debug for project lcd_screen ****
make -j8 all 
arm-none-eabi-gcc "../Core/Src/main.c" -mcpu=cortex-m4 -std=gnu11 -g3 -DDEBUG -DUSE_HAL_DRIVER -DSTM32F411xE -c -I../Core/Inc -I../Drivers/STM32F4xx_HAL_Driver/Inc -I../Drivers/STM32F4xx_HAL_Driver/Inc/Legacy -I../Drivers/CMSIS/Device/ST/STM32F4xx/Include -I../Drivers/CMSIS/Include -O0 -ffunction-sections -fdata-sections -Wall -fstack-usage -fcyclomatic-complexity -MMD -MP -MF"Core/Src/main.d" -MT"Core/Src/main.o" --specs=nano.specs -mfpu=fpv4-sp-d16 -mfloat-abi=hard -mthumb -o "Core/Src/main.o"
../Core/Src/main.c:54:17: error: expected ':', ',', ';', '}' or '__attribute__' before '=' token
   54 |   uint8_t hours = 0;
      |                 ^
../Core/Src/main.c: In function 'uart_print_cd':
../Core/Src/main.c:78:5: warning: implicit declaration of function 'sprintf' [-Wimplicit-function-declaration]
   78 |     sprintf(buffer, "%02d:%02d:%02d", pcd->hours, pcd->minutes, pcd->seconds);
      |     ^~~~~~~
../Core/Src/main.c:21:1: note: include '<stdio.h>' or provide a declaration of 'sprintf'
   20 | #include "main.h"
  +++ |+#include <stdio.h>
   21 | 
../Core/Src/main.c:78:5: warning: incompatible implicit declaration of built-in function 'sprintf' [-Wbuiltin-declaration-mismatch]
   78 |     sprintf(buffer, "%02d:%02d:%02d", pcd->hours, pcd->minutes, pcd->seconds);
      |     ^~~~~~~
../Core/Src/main.c:78:5: note: include '<stdio.h>' or provide a declaration of 'sprintf'
../Core/Src/main.c:78:42: error: 'struct clock_data' has no member named 'hours'
   78 |     sprintf(buffer, "%02d:%02d:%02d", pcd->hours, pcd->minutes, pcd->seconds);
      |                                          ^~
../Core/Src/main.c:78:54: error: 'struct clock_data' has no member named 'minutes'
   78 |     sprintf(buffer, "%02d:%02d:%02d", pcd->hours, pcd->minutes, pcd->seconds);
      |                                                      ^~
../Core/Src/main.c:78:68: error: 'struct clock_data' has no member named 'seconds'
   78 |     sprintf(buffer, "%02d:%02d:%02d", pcd->hours, pcd->minutes, pcd->seconds);
      |                                                                    ^~
../Core/Src/main.c:81:49: warning: implicit declaration of function 'strlen' [-Wimplicit-function-declaration]
   81 |     HAL_UART_Transmit(huart, (uint8_t *)buffer, strlen(buffer), HAL_MAX_DELAY);
      |                                                 ^~~~~~
../Core/Src/main.c:21:1: note: include '<string.h>' or provide a declaration of 'strlen'
   20 | #include "main.h"
  +++ |+#include <string.h>
   21 | 
../Core/Src/main.c:81:49: warning: incompatible implicit declaration of built-in function 'strlen' [-Wbuiltin-declaration-mismatch]
   81 |     HAL_UART_Transmit(huart, (uint8_t *)buffer, strlen(buffer), HAL_MAX_DELAY);
      |                                                 ^~~~~~
../Core/Src/main.c:81:49: note: include '<string.h>' or provide a declaration of 'strlen'
../Core/Src/main.c: In function 'cd_set':
../Core/Src/main.c:89:12: error: 'struct clock_data' has no member named 'hours'
   89 |         pcd->hours = hrs;
      |            ^~
../Core/Src/main.c:90:12: error: 'struct clock_data' has no member named 'minutes'
   90 |         pcd->minutes = min;
      |            ^~
../Core/Src/main.c:91:12: error: 'struct clock_data' has no member named 'seconds'
   91 |         pcd->seconds = sec;
      |            ^~
../Core/Src/main.c: In function 'cd_tick':
../Core/Src/main.c:100:12: error: 'struct clock_data' has no member named 'seconds'
  100 |         pcd->seconds++; // Öka sekunder med 1
      |            ^~
../Core/Src/main.c:102:16: error: 'struct clock_data' has no member named 'seconds'
  102 |         if (pcd->seconds >= 60)
      |                ^~
../Core/Src/main.c:104:16: error: 'struct clock_data' has no member named 'seconds'
  104 |             pcd->seconds = 0; // Återställ sekunder om det är 60 eller mer
      |                ^~
../Core/Src/main.c:105:16: error: 'struct clock_data' has no member named 'minutes'
  105 |             pcd->minutes++;   // Öka minuter med 1
      |                ^~
../Core/Src/main.c:107:20: error: 'struct clock_data' has no member named 'minutes'
  107 |             if (pcd->minutes >= 60)
      |                    ^~
../Core/Src/main.c:109:20: error: 'struct clock_data' has no member named 'minutes'
  109 |                 pcd->minutes = 0; // Återställ minuter om det är 60 eller mer
      |                    ^~
../Core/Src/main.c:110:20: error: 'struct clock_data' has no member named 'hours'
  110 |                 pcd->hours++;     // Öka timmar med 1
      |                    ^~
../Core/Src/main.c:112:24: error: 'struct clock_data' has no member named 'hours'
  112 |                 if (pcd->hours >= 24)
      |                        ^~
../Core/Src/main.c:114:24: error: 'struct clock_data' has no member named 'hours'
  114 |                     pcd->hours = 0; // Återställ timmar om det är 24 eller mer
      |                        ^~
../Core/Src/main.c: In function 'main':
../Core/Src/main.c:173:23: error: 'struct clock_data' has no member named 'hours'
  173 |     hours   = my_clock.hours;
      |                       ^
../Core/Src/main.c:174:23: error: 'struct clock_data' has no member named 'minutes'
  174 |     minutes = my_clock.minutes;
      |                       ^
../Core/Src/main.c:175:23: error: 'struct clock_data' has no member named 'seconds'
  175 |     seconds = my_clock.seconds;
      |                       ^
../Core/Src/main.c:169:11: warning: variable 'seconds' set but not used [-Wunused-but-set-variable]
  169 |   uint8_t seconds = 0;
      |           ^~~~~~~
../Core/Src/main.c:168:11: warning: variable 'minutes' set but not used [-Wunused-but-set-variable]
  168 |   uint8_t minutes = 0;
      |           ^~~~~~~
../Core/Src/main.c:167:11: warning: variable 'hours' set but not used [-Wunused-but-set-variable]
  167 |   uint8_t hours = 0;
      |           ^~~~~
make: *** [Core/Src/subdir.mk:34: Core/Src/main.o] Error 1
"make -j8 all" terminated with exit code 2. Build might be incomplete.
11:03:28 **** Incremental Build of configuration Debug for project lcd_screen ****
make -j8 all 
arm-none-eabi-gcc "../Core/Src/main.c" -mcpu=cortex-m4 -std=gnu11 -g3 -DDEBUG -DUSE_HAL_DRIVER -DSTM32F411xE -c -I../Core/Inc -I../Drivers/STM32F4xx_HAL_Driver/Inc -I../Drivers/STM32F4xx_HAL_Driver/Inc/Legacy -I../Drivers/CMSIS/Device/ST/STM32F4xx/Include -I../Drivers/CMSIS/Include -O0 -ffunction-sections -fdata-sections -Wall -fstack-usage -fcyclomatic-complexity -MMD -MP -MF"Core/Src/main.d" -MT"Core/Src/main.o" --specs=nano.specs -mfpu=fpv4-sp-d16 -mfloat-abi=hard -mthumb -o "Core/Src/main.o"
../Core/Src/main.c: In function 'uart_print_cd':
../Core/Src/main.c:78:5: warning: implicit declaration of function 'sprintf' [-Wimplicit-function-declaration]
   78 |     sprintf(buffer, "%02d:%02d:%02d", pcd->hours, pcd->minutes, pcd->seconds);
      |     ^~~~~~~
../Core/Src/main.c:21:1: note: include '<stdio.h>' or provide a declaration of 'sprintf'
   20 | #include "main.h"
  +++ |+#include <stdio.h>
   21 | 
../Core/Src/main.c:78:5: warning: incompatible implicit declaration of built-in function 'sprintf' [-Wbuiltin-declaration-mismatch]
   78 |     sprintf(buffer, "%02d:%02d:%02d", pcd->hours, pcd->minutes, pcd->seconds);
      |     ^~~~~~~
../Core/Src/main.c:78:5: note: include '<stdio.h>' or provide a declaration of 'sprintf'
../Core/Src/main.c:81:49: warning: implicit declaration of function 'strlen' [-Wimplicit-function-declaration]
   81 |     HAL_UART_Transmit(huart, (uint8_t *)buffer, strlen(buffer), HAL_MAX_DELAY);
      |                                                 ^~~~~~
../Core/Src/main.c:21:1: note: include '<string.h>' or provide a declaration of 'strlen'
   20 | #include "main.h"
  +++ |+#include <string.h>
   21 | 
../Core/Src/main.c:81:49: warning: incompatible implicit declaration of built-in function 'strlen' [-Wbuiltin-declaration-mismatch]
   81 |     HAL_UART_Transmit(huart, (uint8_t *)buffer, strlen(buffer), HAL_MAX_DELAY);
      |                                                 ^~~~~~
../Core/Src/main.c:81:49: note: include '<string.h>' or provide a declaration of 'strlen'
../Core/Src/main.c:78:36: warning: 'sprintf' writing a terminating nul past the end of the destination [-Wformat-overflow=]
   78 |     sprintf(buffer, "%02d:%02d:%02d", pcd->hours, pcd->minutes, pcd->seconds);
      |                                    ^
../Core/Src/main.c:78:5: note: 'sprintf' output between 9 and 12 bytes into a destination of size 8
   78 |     sprintf(buffer, "%02d:%02d:%02d", pcd->hours, pcd->minutes, pcd->seconds);
      |     ^~~~~~~~~~~~~~~~~~~~~~~~~~~~~~~~~~~~~~~~~~~~~~~~~~~~~~~~~~~~~~~~~~~~~~~~~
arm-none-eabi-gcc -o "lcd_screen.elf" @"objects.list"   -mcpu=cortex-m4 -T"D:\JU\Microdata_Technology\Mikrodatateknik_HT2023\labs\lab4\lcd_screen\STM32F411RETX_FLASH.ld" --specs=nosys.specs -Wl,-Map="lcd_screen.map" -Wl,--gc-sections -static --specs=nano.specs -mfpu=fpv4-sp-d16 -mfloat-abi=hard -mthumb -Wl,--start-group -lc -lm -Wl,--end-group
Finished building target: lcd_screen.elf
 
arm-none-eabi-size   lcd_screen.elf 
arm-none-eabi-objdump -h -S  lcd_screen.elf  > "lcd_screen.list"
   text	   data	    bss	    dec	    hex	filename
  13824	    100	   2044	  15968	   3e60	lcd_screen.elf
Finished building: default.size.stdout
 
Finished building: lcd_screen.list
 
11:05:01 **** Incremental Build of configuration Debug for project lcd_screen ****
make -j8 all 
arm-none-eabi-gcc "../Core/Src/main.c" -mcpu=cortex-m4 -std=gnu11 -g3 -DDEBUG -DUSE_HAL_DRIVER -DSTM32F411xE -c -I../Core/Inc -I../Drivers/STM32F4xx_HAL_Driver/Inc -I../Drivers/STM32F4xx_HAL_Driver/Inc/Legacy -I../Drivers/CMSIS/Device/ST/STM32F4xx/Include -I../Drivers/CMSIS/Include -O0 -ffunction-sections -fdata-sections -Wall -fstack-usage -fcyclomatic-complexity -MMD -MP -MF"Core/Src/main.d" -MT"Core/Src/main.o" --specs=nano.specs -mfpu=fpv4-sp-d16 -mfloat-abi=hard -mthumb -o "Core/Src/main.o"
../Core/Src/main.c: In function 'uart_print_cd':
../Core/Src/main.c:78:5: warning: implicit declaration of function 'sprintf' [-Wimplicit-function-declaration]
   78 |     sprintf(buffer, "%02d:%02d:%02d", pcd->hours, pcd->minutes, pcd->seconds);
      |     ^~~~~~~
../Core/Src/main.c:21:1: note: include '<stdio.h>' or provide a declaration of 'sprintf'
   20 | #include "main.h"
  +++ |+#include <stdio.h>
   21 | 
../Core/Src/main.c:78:5: warning: incompatible implicit declaration of built-in function 'sprintf' [-Wbuiltin-declaration-mismatch]
   78 |     sprintf(buffer, "%02d:%02d:%02d", pcd->hours, pcd->minutes, pcd->seconds);
      |     ^~~~~~~
../Core/Src/main.c:78:5: note: include '<stdio.h>' or provide a declaration of 'sprintf'
../Core/Src/main.c:81:49: warning: implicit declaration of function 'strlen' [-Wimplicit-function-declaration]
   81 |     HAL_UART_Transmit(huart, (uint8_t *)buffer, strlen(buffer), HAL_MAX_DELAY);
      |                                                 ^~~~~~
../Core/Src/main.c:21:1: note: include '<string.h>' or provide a declaration of 'strlen'
   20 | #include "main.h"
  +++ |+#include <string.h>
   21 | 
../Core/Src/main.c:81:49: warning: incompatible implicit declaration of built-in function 'strlen' [-Wbuiltin-declaration-mismatch]
   81 |     HAL_UART_Transmit(huart, (uint8_t *)buffer, strlen(buffer), HAL_MAX_DELAY);
      |                                                 ^~~~~~
../Core/Src/main.c:81:49: note: include '<string.h>' or provide a declaration of 'strlen'
../Core/Src/main.c:78:36: warning: 'sprintf' writing a terminating nul past the end of the destination [-Wformat-overflow=]
   78 |     sprintf(buffer, "%02d:%02d:%02d", pcd->hours, pcd->minutes, pcd->seconds);
      |                                    ^
../Core/Src/main.c:78:5: note: 'sprintf' output between 9 and 12 bytes into a destination of size 8
   78 |     sprintf(buffer, "%02d:%02d:%02d", pcd->hours, pcd->minutes, pcd->seconds);
      |     ^~~~~~~~~~~~~~~~~~~~~~~~~~~~~~~~~~~~~~~~~~~~~~~~~~~~~~~~~~~~~~~~~~~~~~~~~
arm-none-eabi-gcc -o "lcd_screen.elf" @"objects.list"   -mcpu=cortex-m4 -T"D:\JU\Microdata_Technology\Mikrodatateknik_HT2023\labs\lab4\lcd_screen\STM32F411RETX_FLASH.ld" --specs=nosys.specs -Wl,-Map="lcd_screen.map" -Wl,--gc-sections -static --specs=nano.specs -mfpu=fpv4-sp-d16 -mfloat-abi=hard -mthumb -Wl,--start-group -lc -lm -Wl,--end-group
Finished building target: lcd_screen.elf
 
arm-none-eabi-size   lcd_screen.elf 
arm-none-eabi-objdump -h -S  lcd_screen.elf  > "lcd_screen.list"
   text	   data	    bss	    dec	    hex	filename
  13824	    100	   2044	  15968	   3e60	lcd_screen.elf
Finished building: default.size.stdout
 
Finished building: lcd_screen.list
 
11:07:37 **** Incremental Build of configuration Debug for project lcd_screen ****
make -j8 all 
arm-none-eabi-gcc "../Core/Src/main.c" -mcpu=cortex-m4 -std=gnu11 -g3 -DDEBUG -DUSE_HAL_DRIVER -DSTM32F411xE -c -I../Core/Inc -I../Drivers/STM32F4xx_HAL_Driver/Inc -I../Drivers/STM32F4xx_HAL_Driver/Inc/Legacy -I../Drivers/CMSIS/Device/ST/STM32F4xx/Include -I../Drivers/CMSIS/Include -O0 -ffunction-sections -fdata-sections -Wall -fstack-usage -fcyclomatic-complexity -MMD -MP -MF"Core/Src/main.d" -MT"Core/Src/main.o" --specs=nano.specs -mfpu=fpv4-sp-d16 -mfloat-abi=hard -mthumb -o "Core/Src/main.o"
../Core/Src/main.c: In function 'uart_print_cd':
../Core/Src/main.c:78:5: warning: implicit declaration of function 'sprintf' [-Wimplicit-function-declaration]
   78 |     sprintf(buffer, "%02d:%02d:%02d", pcd->hours, pcd->minutes, pcd->seconds);
      |     ^~~~~~~
../Core/Src/main.c:21:1: note: include '<stdio.h>' or provide a declaration of 'sprintf'
   20 | #include "main.h"
  +++ |+#include <stdio.h>
   21 | 
../Core/Src/main.c:78:5: warning: incompatible implicit declaration of built-in function 'sprintf' [-Wbuiltin-declaration-mismatch]
   78 |     sprintf(buffer, "%02d:%02d:%02d", pcd->hours, pcd->minutes, pcd->seconds);
      |     ^~~~~~~
../Core/Src/main.c:78:5: note: include '<stdio.h>' or provide a declaration of 'sprintf'
../Core/Src/main.c:81:49: warning: implicit declaration of function 'strlen' [-Wimplicit-function-declaration]
[...]
../Core/Src/main.c: In function 'uart_print_cd':
../Core/Src/main.c:78:5: warning: implicit declaration of function 'sprintf' [-Wimplicit-function-declaration]
   78 |     sprintf(buffer, "%02d:%02d:%02d", pcd->hours, pcd->minutes, pcd->seconds);
      |     ^~~~~~~
../Core/Src/main.c:21:1: note: include '<stdio.h>' or provide a declaration of 'sprintf'
   20 | #include "main.h"
  +++ |+#include <stdio.h>
   21 | 
../Core/Src/main.c:78:5: warning: incompatible implicit declaration of built-in function 'sprintf' [-Wbuiltin-declaration-mismatch]
   78 |     sprintf(buffer, "%02d:%02d:%02d", pcd->hours, pcd->minutes, pcd->seconds);
      |     ^~~~~~~
../Core/Src/main.c:78:5: note: include '<stdio.h>' or provide a declaration of 'sprintf'
../Core/Src/main.c:81:49: warning: implicit declaration of function 'strlen' [-Wimplicit-function-declaration]
   81 |     HAL_UART_Transmit(huart, (uint8_t *)buffer, strlen(buffer), HAL_MAX_DELAY);
      |                                                 ^~~~~~
../Core/Src/main.c:21:1: note: include '<string.h>' or provide a declaration of 'strlen'
   20 | #include "main.h"
  +++ |+#include <string.h>
   21 | 
../Core/Src/main.c:81:49: warning: incompatible implicit declaration of built-in function 'strlen' [-Wbuiltin-declaration-mismatch]
   81 |     HAL_UART_Transmit(huart, (uint8_t *)buffer, strlen(buffer), HAL_MAX_DELAY);
      |                                                 ^~~~~~
../Core/Src/main.c:81:49: note: include '<string.h>' or provide a declaration of 'strlen'
arm-none-eabi-gcc -o "lcd_screen.elf" @"objects.list"   -mcpu=cortex-m4 -T"D:\JU\Microdata_Technology\Mikrodatateknik_HT2023\labs\lab4\lcd_screen\STM32F411RETX_FLASH.ld" --specs=nosys.specs -Wl,-Map="lcd_screen.map" -Wl,--gc-sections -static --specs=nano.specs -mfpu=fpv4-sp-d16 -mfloat-abi=hard -mthumb -Wl,--start-group -lc -lm -Wl,--end-group
Finished building target: lcd_screen.elf
 
arm-none-eabi-size   lcd_screen.elf 
arm-none-eabi-objdump -h -S  lcd_screen.elf  > "lcd_screen.list"
   text	   data	    bss	    dec	    hex	filename
  13836	    100	   2044	  15980	   3e6c	lcd_screen.elf
Finished building: default.size.stdout
 
Finished building: lcd_screen.list
 
11:10:25 **** Incremental Build of configuration Debug for project lcd_screen ****
make -j8 all 
arm-none-eabi-gcc "../Core/Src/main.c" -mcpu=cortex-m4 -std=gnu11 -g3 -DDEBUG -DUSE_HAL_DRIVER -DSTM32F411xE -c -I../Core/Inc -I../Drivers/STM32F4xx_HAL_Driver/Inc -I../Drivers/STM32F4xx_HAL_Driver/Inc/Legacy -I../Drivers/CMSIS/Device/ST/STM32F4xx/Include -I../Drivers/CMSIS/Include -O0 -ffunction-sections -fdata-sections -Wall -fstack-usage -fcyclomatic-complexity -MMD -MP -MF"Core/Src/main.d" -MT"Core/Src/main.o" --specs=nano.specs -mfpu=fpv4-sp-d16 -mfloat-abi=hard -mthumb -o "Core/Src/main.o"
../Core/Src/main.c: In function 'uart_print_cd':
../Core/Src/main.c:81:49: warning: implicit declaration of function 'strlen' [-Wimplicit-function-declaration]
   81 |     HAL_UART_Transmit(huart, (uint8_t *)buffer, strlen(buffer), HAL_MAX_DELAY);
      |                                                 ^~~~~~
../Core/Src/main.c:25:1: note: include '<string.h>' or provide a declaration of 'strlen'
   24 | #include <stdio.h>
  +++ |+#include <string.h>
   25 | /* USER CODE END Includes */
../Core/Src/main.c:81:49: warning: incompatible implicit declaration of built-in function 'strlen' [-Wbuiltin-declaration-mismatch]
   81 |     HAL_UART_Transmit(huart, (uint8_t *)buffer, strlen(buffer), HAL_MAX_DELAY);
      |                                                 ^~~~~~
../Core/Src/main.c:81:49: note: include '<string.h>' or provide a declaration of 'strlen'
arm-none-eabi-gcc -o "lcd_screen.elf" @"objects.list"   -mcpu=cortex-m4 -T"D:\JU\Microdata_Technology\Mikrodatateknik_HT2023\labs\lab4\lcd_screen\STM32F411RETX_FLASH.ld" --specs=nosys.specs -Wl,-Map="lcd_screen.map" -Wl,--gc-sections -static --specs=nano.specs -mfpu=fpv4-sp-d16 -mfloat-abi=hard -mthumb -Wl,--start-group -lc -lm -Wl,--end-group
Finished building target: lcd_screen.elf
 
arm-none-eabi-size   lcd_screen.elf 
arm-none-eabi-objdump -h -S  lcd_screen.elf  > "lcd_screen.list"
   text	   data	    bss	    dec	    hex	filename
  13836	    100	   2044	  15980	   3e6c	lcd_screen.elf
Finished building: default.size.stdout
 
Finished building: lcd_screen.list
 
11:11:57 **** Incremental Build of configuration Debug for project lcd_screen ****
make -j8 all 
arm-none-eabi-gcc "../Core/Src/main.c" -mcpu=cortex-m4 -std=gnu11 -g3 -DDEBUG -DUSE_HAL_DRIVER -DSTM32F411xE -c -I../Core/Inc -I../Drivers/STM32F4xx_HAL_Driver/Inc -I../Drivers/STM32F4xx_HAL_Driver/Inc/Legacy -I../Drivers/CMSIS/Device/ST/STM32F4xx/Include -I../Drivers/CMSIS/Include -O0 -ffunction-sections -fdata-sections -Wall -fstack-usage -fcyclomatic-complexity -MMD -MP -MF"Core/Src/main.d" -MT"Core/Src/main.o" --specs=nano.specs -mfpu=fpv4-sp-d16 -mfloat-abi=hard -mthumb -o "Core/Src/main.o"
arm-none-eabi-gcc -o "lcd_screen.elf" @"objects.list"   -mcpu=cortex-m4 -T"D:\JU\Microdata_Technology\Mikrodatateknik_HT2023\labs\lab4\lcd_screen\STM32F411RETX_FLASH.ld" --specs=nosys.specs -Wl,-Map="lcd_screen.map" -Wl,--gc-sections -static --specs=nano.specs -mfpu=fpv4-sp-d16 -mfloat-abi=hard -mthumb -Wl,--start-group -lc -lm -Wl,--end-group
Finished building target: lcd_screen.elf
 
arm-none-eabi-size   lcd_screen.elf 
arm-none-eabi-objdump -h -S  lcd_screen.elf  > "lcd_screen.list"
   text	   data	    bss	    dec	    hex	filename
  13836	    100	   2044	  15980	   3e6c	lcd_screen.elf
Finished building: default.size.stdout
 
Finished building: lcd_screen.list
 
11:15:30 **** Incremental Build of configuration Debug for project lcd_screen ****
make -j8 all 
arm-none-eabi-size   lcd_screen.elf 
   text	   data	    bss	    dec	    hex	filename
  13836	    100	   2044	  15980	   3e6c	lcd_screen.elf
Finished building: default.size.stdout
 
12:06:56 **** Incremental Build of configuration Debug for project lcd_screen ****
make -j8 all 
arm-none-eabi-size   lcd_screen.elf 
   text	   data	    bss	    dec	    hex	filename
  13836	    100	   2044	  15980	   3e6c	lcd_screen.elf
Finished building: default.size.stdout
 
12:08:35 **** Incremental Build of configuration Debug for project lcd_screen ****
make -j8 all 
arm-none-eabi-gcc "../Core/Src/main.c" -mcpu=cortex-m4 -std=gnu11 -g3 -DDEBUG -DUSE_HAL_DRIVER -DSTM32F411xE -c -I../Core/Inc -I../Drivers/STM32F4xx_HAL_Driver/Inc -I../Drivers/STM32F4xx_HAL_Driver/Inc/Legacy -I../Drivers/CMSIS/Device/ST/STM32F4xx/Include -I../Drivers/CMSIS/Include -O0 -ffunction-sections -fdata-sections -Wall -fstack-usage -fcyclomatic-complexity -MMD -MP -MF"Core/Src/main.d" -MT"Core/Src/main.o" --specs=nano.specs -mfpu=fpv4-sp-d16 -mfloat-abi=hard -mthumb -o "Core/Src/main.o"
../Core/Src/main.c: In function 'uart_print_cd':
../Core/Src/main.c:79:36: warning: 'sprintf' writing a terminating nul past the end of the destination [-Wformat-overflow=]
   79 |     sprintf(buffer, "%02d:%02d:%02d", pcd->hours, pcd->minutes, pcd->seconds);
      |                                    ^
../Core/Src/main.c:79:5: note: 'sprintf' output between 9 and 12 bytes into a destination of size 8
   79 |     sprintf(buffer, "%02d:%02d:%02d", pcd->hours, pcd->minutes, pcd->seconds);
      |     ^~~~~~~~~~~~~~~~~~~~~~~~~~~~~~~~~~~~~~~~~~~~~~~~~~~~~~~~~~~~~~~~~~~~~~~~~
arm-none-eabi-gcc -o "lcd_screen.elf" @"objects.list"   -mcpu=cortex-m4 -T"D:\JU\Microdata_Technology\Mikrodatateknik_HT2023\labs\lab4\lcd_screen\STM32F411RETX_FLASH.ld" --specs=nosys.specs -Wl,-Map="lcd_screen.map" -Wl,--gc-sections -static --specs=nano.specs -mfpu=fpv4-sp-d16 -mfloat-abi=hard -mthumb -Wl,--start-group -lc -lm -Wl,--end-group
Finished building target: lcd_screen.elf
 
arm-none-eabi-size   lcd_screen.elf 
arm-none-eabi-objdump -h -S  lcd_screen.elf  > "lcd_screen.list"
   text	   data	    bss	    dec	    hex	filename
  13832	    100	   2044	  15976	   3e68	lcd_screen.elf
Finished building: default.size.stdout
 
Finished building: lcd_screen.list
 
12:10:02 **** Incremental Build of configuration Debug for project lcd_screen ****
make -j8 all 
arm-none-eabi-gcc "../Core/Src/main.c" -mcpu=cortex-m4 -std=gnu11 -g3 -DDEBUG -DUSE_HAL_DRIVER -DSTM32F411xE -c -I../Core/Inc -I../Drivers/STM32F4xx_HAL_Driver/Inc -I../Drivers/STM32F4xx_HAL_Driver/Inc/Legacy -I../Drivers/CMSIS/Device/ST/STM32F4xx/Include -I../Drivers/CMSIS/Include -O0 -ffunction-sections -fdata-sections -Wall -fstack-usage -fcyclomatic-complexity -MMD -MP -MF"Core/Src/main.d" -MT"Core/Src/main.o" --specs=nano.specs -mfpu=fpv4-sp-d16 -mfloat-abi=hard -mthumb -o "Core/Src/main.o"
../Core/Src/main.c: In function 'uart_print_cd':
../Core/Src/main.c:76:16: warning: passing argument 1 of 'fflush' from incompatible pointer type [-Wincompatible-pointer-types]
   76 |         fflush(huart);
      |                ^~~~~
      |                |
      |                UART_HandleTypeDef * {aka struct __UART_HandleTypeDef *}
In file included from ../Core/Src/main.c:24:
C:\ST\STM32CubeIDE_1.13.1\STM32CubeIDE\plugins\com.st.stm32cube.ide.mcu.externaltools.gnu-tools-for-stm32.11.3.rel1.win32_1.1.0.202305231506\tools\bin/../lib/gcc/arm-none-eabi/11.3.1/../../../../arm-none-eabi/include/stdio.h:202:17: note: expected 'FILE *' but argument is of type 'UART_HandleTypeDef *' {aka 'struct __UART_HandleTypeDef *'}
  202 | int     fflush (FILE *);
      |                 ^~~~~~
../Core/Src/main.c:80:36: warning: 'sprintf' writing a terminating nul past the end of the destination [-Wformat-overflow=]
   80 |     sprintf(buffer, "%02d:%02d:%02d", pcd->hours, pcd->minutes, pcd->seconds);
      |                                    ^
../Core/Src/main.c:80:5: note: 'sprintf' output between 9 and 12 bytes into a destination of size 8
   80 |     sprintf(buffer, "%02d:%02d:%02d", pcd->hours, pcd->minutes, pcd->seconds);
      |     ^~~~~~~~~~~~~~~~~~~~~~~~~~~~~~~~~~~~~~~~~~~~~~~~~~~~~~~~~~~~~~~~~~~~~~~~~
arm-none-eabi-gcc -o "lcd_screen.elf" @"objects.list"   -mcpu=cortex-m4 -T"D:\JU\Microdata_Technology\Mikrodatateknik_HT2023\labs\lab4\lcd_screen\STM32F411RETX_FLASH.ld" --specs=nosys.specs -Wl,-Map="lcd_screen.map" -Wl,--gc-sections -static --specs=nano.specs -mfpu=fpv4-sp-d16 -mfloat-abi=hard -mthumb -Wl,--start-group -lc -lm -Wl,--end-group
Finished building target: lcd_screen.elf
 
arm-none-eabi-size   lcd_screen.elf 
arm-none-eabi-objdump -h -S  lcd_screen.elf  > "lcd_screen.list"
   text	   data	    bss	    dec	    hex	filename
  15016	    112	   2048	  17176	   4318	lcd_screen.elf
Finished building: default.size.stdout
 
Finished building: lcd_screen.list
 
12:10:33 **** Incremental Build of configuration Debug for project lcd_screen ****
make -j8 all 
arm-none-eabi-gcc "../Core/Src/main.c" -mcpu=cortex-m4 -std=gnu11 -g3 -DDEBUG -DUSE_HAL_DRIVER -DSTM32F411xE -c -I../Core/Inc -I../Drivers/STM32F4xx_HAL_Driver/Inc -I../Drivers/STM32F4xx_HAL_Driver/Inc/Legacy -I../Drivers/CMSIS/Device/ST/STM32F4xx/Include -I../Drivers/CMSIS/Include -O0 -ffunction-sections -fdata-sections -Wall -fstack-usage -fcyclomatic-complexity -MMD -MP -MF"Core/Src/main.d" -MT"Core/Src/main.o" --specs=nano.specs -mfpu=fpv4-sp-d16 -mfloat-abi=hard -mthumb -o "Core/Src/main.o"
../Core/Src/main.c: In function 'uart_print_cd':
../Core/Src/main.c:79:36: warning: 'sprintf' writing a terminating nul past the end of the destination [-Wformat-overflow=]
   79 |     sprintf(buffer, "%02d:%02d:%02d", pcd->hours, pcd->minutes, pcd->seconds);
      |                                    ^
../Core/Src/main.c:79:5: note: 'sprintf' output between 9 and 12 bytes into a destination of size 8
   79 |     sprintf(buffer, "%02d:%02d:%02d", pcd->hours, pcd->minutes, pcd->seconds);
      |     ^~~~~~~~~~~~~~~~~~~~~~~~~~~~~~~~~~~~~~~~~~~~~~~~~~~~~~~~~~~~~~~~~~~~~~~~~
arm-none-eabi-gcc -o "lcd_screen.elf" @"objects.list"   -mcpu=cortex-m4 -T"D:\JU\Microdata_Technology\Mikrodatateknik_HT2023\labs\lab4\lcd_screen\STM32F411RETX_FLASH.ld" --specs=nosys.specs -Wl,-Map="lcd_screen.map" -Wl,--gc-sections -static --specs=nano.specs -mfpu=fpv4-sp-d16 -mfloat-abi=hard -mthumb -Wl,--start-group -lc -lm -Wl,--end-group
Finished building target: lcd_screen.elf
 
arm-none-eabi-size   lcd_screen.elf 
arm-none-eabi-objdump -h -S  lcd_screen.elf  > "lcd_screen.list"
   text	   data	    bss	    dec	    hex	filename
  13832	    100	   2044	  15976	   3e68	lcd_screen.elf
Finished building: default.size.stdout
 
Finished building: lcd_screen.list
 
12:12:48 **** Incremental Build of configuration Debug for project lcd_screen ****
make -j8 all 
arm-none-eabi-gcc "../Core/Src/main.c" -mcpu=cortex-m4 -std=gnu11 -g3 -DDEBUG -DUSE_HAL_DRIVER -DSTM32F411xE -c -I../Core/Inc -I../Drivers/STM32F4xx_HAL_Driver/Inc -I../Drivers/STM32F4xx_HAL_Driver/Inc/Legacy -I../Drivers/CMSIS/Device/ST/STM32F4xx/Include -I../Drivers/CMSIS/Include -O0 -ffunction-sections -fdata-sections -Wall -fstack-usage -fcyclomatic-complexity -MMD -MP -MF"Core/Src/main.d" -MT"Core/Src/main.o" --specs=nano.specs -mfpu=fpv4-sp-d16 -mfloat-abi=hard -mthumb -o "Core/Src/main.o"
../Core/Src/main.c: In function 'uart_print_cd':
../Core/Src/main.c:79:36: warning: 'sprintf' writing a terminating nul past the end of the destination [-Wformat-overflow=]
   79 |     sprintf(buffer, "%02d:%02d:%02d", pcd->hours, pcd->minutes, pcd->seconds);
      |                                    ^
../Core/Src/main.c:79:5: note: 'sprintf' output between 9 and 12 bytes into a destination of size 8
   79 |     sprintf(buffer, "%02d:%02d:%02d", pcd->hours, pcd->minutes, pcd->seconds);
      |     ^~~~~~~~~~~~~~~~~~~~~~~~~~~~~~~~~~~~~~~~~~~~~~~~~~~~~~~~~~~~~~~~~~~~~~~~~
arm-none-eabi-gcc -o "lcd_screen.elf" @"objects.list"   -mcpu=cortex-m4 -T"D:\JU\Microdata_Technology\Mikrodatateknik_HT2023\labs\lab4\lcd_screen\STM32F411RETX_FLASH.ld" --specs=nosys.specs -Wl,-Map="lcd_screen.map" -Wl,--gc-sections -static --specs=nano.specs -mfpu=fpv4-sp-d16 -mfloat-abi=hard -mthumb -Wl,--start-group -lc -lm -Wl,--end-group
Finished building target: lcd_screen.elf
 
arm-none-eabi-size   lcd_screen.elf 
arm-none-eabi-objdump -h -S  lcd_screen.elf  > "lcd_screen.list"
   text	   data	    bss	    dec	    hex	filename
  13804	    100	   2044	  15948	   3e4c	lcd_screen.elf
Finished building: default.size.stdout
 
Finished building: lcd_screen.list
 
12:14:05 **** Incremental Build of configuration Debug for project lcd_screen ****
make -j8 all 
arm-none-eabi-gcc "../Core/Src/main.c" -mcpu=cortex-m4 -std=gnu11 -g3 -DDEBUG -DUSE_HAL_DRIVER -DSTM32F411xE -c -I../Core/Inc -I../Drivers/STM32F4xx_HAL_Driver/Inc -I../Drivers/STM32F4xx_HAL_Driver/Inc/Legacy -I../Drivers/CMSIS/Device/ST/STM32F4xx/Include -I../Drivers/CMSIS/Include -O0 -ffunction-sections -fdata-sections -Wall -fstack-usage -fcyclomatic-complexity -MMD -MP -MF"Core/Src/main.d" -MT"Core/Src/main.o" --specs=nano.specs -mfpu=fpv4-sp-d16 -mfloat-abi=hard -mthumb -o "Core/Src/main.o"
arm-none-eabi-gcc -o "lcd_screen.elf" @"objects.list"   -mcpu=cortex-m4 -T"D:\JU\Microdata_Technology\Mikrodatateknik_HT2023\labs\lab4\lcd_screen\STM32F411RETX_FLASH.ld" --specs=nosys.specs -Wl,-Map="lcd_screen.map" -Wl,--gc-sections -static --specs=nano.specs -mfpu=fpv4-sp-d16 -mfloat-abi=hard -mthumb -Wl,--start-group -lc -lm -Wl,--end-group
Finished building target: lcd_screen.elf
 
arm-none-eabi-size   lcd_screen.elf 
arm-none-eabi-objdump -h -S  lcd_screen.elf  > "lcd_screen.list"
   text	   data	    bss	    dec	    hex	filename
  13808	    100	   2044	  15952	   3e50	lcd_screen.elf
Finished building: default.size.stdout
 
Finished building: lcd_screen.list
 
12:15:34 **** Incremental Build of configuration Debug for project lcd_screen ****
make -j8 all 
arm-none-eabi-gcc "../Core/Src/main.c" -mcpu=cortex-m4 -std=gnu11 -g3 -DDEBUG -DUSE_HAL_DRIVER -DSTM32F411xE -c -I../Core/Inc -I../Drivers/STM32F4xx_HAL_Driver/Inc -I../Drivers/STM32F4xx_HAL_Driver/Inc/Legacy -I../Drivers/CMSIS/Device/ST/STM32F4xx/Include -I../Drivers/CMSIS/Include -O0 -ffunction-sections -fdata-sections -Wall -fstack-usage -fcyclomatic-complexity -MMD -MP -MF"Core/Src/main.d" -MT"Core/Src/main.o" --specs=nano.specs -mfpu=fpv4-sp-d16 -mfloat-abi=hard -mthumb -o "Core/Src/main.o"
arm-none-eabi-gcc -o "lcd_screen.elf" @"objects.list"   -mcpu=cortex-m4 -T"D:\JU\Microdata_Technology\Mikrodatateknik_HT2023\labs\lab4\lcd_screen\STM32F411RETX_FLASH.ld" --specs=nosys.specs -Wl,-Map="lcd_screen.map" -Wl,--gc-sections -static --specs=nano.specs -mfpu=fpv4-sp-d16 -mfloat-abi=hard -mthumb -Wl,--start-group -lc -lm -Wl,--end-group
Finished building target: lcd_screen.elf
 
arm-none-eabi-size   lcd_screen.elf 
arm-none-eabi-objdump -h -S  lcd_screen.elf  > "lcd_screen.list"
   text	   data	    bss	    dec	    hex	filename
  13808	    100	   2044	  15952	   3e50	lcd_screen.elf
Finished building: default.size.stdout
 
Finished building: lcd_screen.list
 
12:16:44 **** Incremental Build of configuration Debug for project lcd_screen ****
make -j8 all 
arm-none-eabi-gcc "../Core/Src/main.c" -mcpu=cortex-m4 -std=gnu11 -g3 -DDEBUG -DUSE_HAL_DRIVER -DSTM32F411xE -c -I../Core/Inc -I../Drivers/STM32F4xx_HAL_Driver/Inc -I../Drivers/STM32F4xx_HAL_Driver/Inc/Legacy -I../Drivers/CMSIS/Device/ST/STM32F4xx/Include -I../Drivers/CMSIS/Include -O0 -ffunction-sections -fdata-sections -Wall -fstack-usage -fcyclomatic-complexity -MMD -MP -MF"Core/Src/main.d" -MT"Core/Src/main.o" --specs=nano.specs -mfpu=fpv4-sp-d16 -mfloat-abi=hard -mthumb -o "Core/Src/main.o"
arm-none-eabi-gcc -o "lcd_screen.elf" @"objects.list"   -mcpu=cortex-m4 -T"D:\JU\Microdata_Technology\Mikrodatateknik_HT2023\labs\lab4\lcd_screen\STM32F411RETX_FLASH.ld" --specs=nosys.specs -Wl,-Map="lcd_screen.map" -Wl,--gc-sections -static --specs=nano.specs -mfpu=fpv4-sp-d16 -mfloat-abi=hard -mthumb -Wl,--start-group -lc -lm -Wl,--end-group
Finished building target: lcd_screen.elf
 
arm-none-eabi-size   lcd_screen.elf 
arm-none-eabi-objdump -h -S  lcd_screen.elf  > "lcd_screen.list"
   text	   data	    bss	    dec	    hex	filename
  13836	    100	   2044	  15980	   3e6c	lcd_screen.elf
Finished building: default.size.stdout
 
Finished building: lcd_screen.list
 
12:19:44 **** Incremental Build of configuration Debug for project lcd_screen ****
make -j8 all 
arm-none-eabi-gcc "../Core/Src/main.c" -mcpu=cortex-m4 -std=gnu11 -g3 -DDEBUG -DUSE_HAL_DRIVER -DSTM32F411xE -c -I../Core/Inc -I../Drivers/STM32F4xx_HAL_Driver/Inc -I../Drivers/STM32F4xx_HAL_Driver/Inc/Legacy -I../Drivers/CMSIS/Device/ST/STM32F4xx/Include -I../Drivers/CMSIS/Include -O0 -ffunction-sections -fdata-sections -Wall -fstack-usage -fcyclomatic-complexity -MMD -MP -MF"Core/Src/main.d" -MT"Core/Src/main.o" --specs=nano.specs -mfpu=fpv4-sp-d16 -mfloat-abi=hard -mthumb -o "Core/Src/main.o"
arm-none-eabi-gcc -o "lcd_screen.elf" @"objects.list"   -mcpu=cortex-m4 -T"D:\JU\Microdata_Technology\Mikrodatateknik_HT2023\labs\lab4\lcd_screen\STM32F411RETX_FLASH.ld" --specs=nosys.specs -Wl,-Map="lcd_screen.map" -Wl,--gc-sections -static --specs=nano.specs -mfpu=fpv4-sp-d16 -mfloat-abi=hard -mthumb -Wl,--start-group -lc -lm -Wl,--end-group
Finished building target: lcd_screen.elf
 
arm-none-eabi-size   lcd_screen.elf 
arm-none-eabi-objdump -h -S  lcd_screen.elf  > "lcd_screen.list"
   text	   data	    bss	    dec	    hex	filename
  13820	    100	   2044	  15964	   3e5c	lcd_screen.elf
Finished building: default.size.stdout
 
Finished building: lcd_screen.list
 
12:20:47 **** Incremental Build of configuration Debug for project lcd_screen ****
make -j8 all 
arm-none-eabi-size   lcd_screen.elf 
   text	   data	    bss	    dec	    hex	filename
  13820	    100	   2044	  15964	   3e5c	lcd_screen.elf
Finished building: default.size.stdout
 
