12:39:12 **** Incremental Build of configuration Debug for project Blinky ****
make -j8 all 
arm-none-eabi-gcc "../Core/Src/main.c" -mcpu=cortex-m4 -std=gnu11 -g3 -DDEBUG -DUSE_HAL_DRIVER -DSTM32F411xE -c -I../Core/Inc -I../Drivers/STM32F4xx_HAL_Driver/Inc -I../Drivers/STM32F4xx_HAL_Driver/Inc/Legacy -I../Drivers/CMSIS/Device/ST/STM32F4xx/Include -I../Drivers/CMSIS/Include -O0 -ffunction-sections -fdata-sections -Wall -fstack-usage -fcyclomatic-complexity -MMD -MP -MF"Core/Src/main.d" -MT"Core/Src/main.o" --specs=nano.specs -mfpu=fpv4-sp-d16 -mfloat-abi=hard -mthumb -o "Core/Src/main.o"
arm-none-eabi-gcc -o "Blinky.elf" @"objects.list"   -mcpu=cortex-m4 -T"D:\JU\Microdata_Technology\Mikrodatateknik_HT2023\labs\lab0\Blinky\Blinky\STM32F411RETX_FLASH.ld" --specs=nosys.specs -Wl,-Map="Blinky.map" -Wl,--gc-sections -static --specs=nano.specs -mfpu=fpv4-sp-d16 -mfloat-abi=hard -mthumb -Wl,--start-group -lc -lm -Wl,--end-group
Finished building target: Blinky.elf
 
arm-none-eabi-size   Blinky.elf 
arm-none-eabi-objdump -h -S  Blinky.elf  > "Blinky.list"
   text	   data	    bss	    dec	    hex	filename
  11172	    100	   1972	  13244	   33bc	Blinky.elf
Finished building: default.size.stdout
 
Finished building: Blinky.list
 
12:39:17 **** Incremental Build of configuration Debug for project Blinky ****
make -j8 all 
arm-none-eabi-size   Blinky.elf 
   text	   data	    bss	    dec	    hex	filename
  11172	    100	   1972	  13244	   33bc	Blinky.elf
Finished building: default.size.stdout
 
12:40:06 **** Incremental Build of configuration Debug for project Blinky ****
make -j8 all 
arm-none-eabi-size   Blinky.elf 
   text	   data	    bss	    dec	    hex	filename
  11172	    100	   1972	  13244	   33bc	Blinky.elf
Finished building: default.size.stdout
 
